============================= test session starts =============================
platform win32 -- Python 3.13.7, pytest-9.0.2, pluggy-1.6.0
rootdir: C:\Users\yusuf\OneDrive\Belgeler\BenimMasalim\backend
configfile: pyproject.toml
plugins: anyio-4.12.1, asyncio-1.3.0
asyncio: mode=Mode.AUTO, debug=False, asyncio_default_fixture_loop_scope=None, asyncio_default_test_loop_scope=function
collected 529 items

tests\test_admin_invoice_reports.py .................................... [  6%]
.                                                                        [  6%]
tests\test_billing.py ......................                             [ 11%]
tests\test_e2e_preview_detail.py s                                       [ 11%]
tests\test_guest_convert_idor.py .............F..FFFFFF.........F.....   [ 18%]
tests\test_image_dimensions.py FFF                                       [ 18%]
tests\test_image_processing.py .....                                     [ 19%]
tests\test_image_provider.py ...................                         [ 23%]
tests\test_invoice.py .........FF..........................              [ 30%]
tests\test_invoice_email.py ...................F.                        [ 34%]
tests\test_invoice_token.py ...........................                  [ 39%]
tests\test_llm_output_repair.py ........................                 [ 44%]
tests\test_membership_system.py ........................................ [ 51%]
..............F.............                                             [ 56%]
tests\test_orders_performance.py .....................                   [ 60%]
tests\test_pipeline_version_guard.py ......                              [ 62%]
tests\test_preview_detail_response.py ....F                              [ 62%]
tests\test_promo_code_api.py EEEEEEEEEEE                                 [ 65%]
tests\test_promo_code_service.py FFFFFFFFFF...FFFFFFF                    [ 68%]
tests\test_prompt\test_book_context.py .F..                              [ 69%]
tests\test_prompt\test_clothing_consistency.py ...........               [ 71%]
tests\test_prompt\test_composer.py .....FF..                             [ 73%]
tests\test_prompt\test_negative_prompt_builder.py ...................... [ 77%]
.F..........                                                             [ 79%]
tests\test_prompt\test_sanitizer.py ..........F.                         [ 82%]
tests\test_prompt\test_scenario_style_matrix.py ..................FFFFF. [ 86%]
................                                                         [ 89%]
tests\test_prompt\test_story_composer.py ......                          [ 90%]
tests\test_prompt\test_style_config.py ..........F.FF                    [ 93%]
tests\test_style_independence.py FF.FFF.F                                [ 94%]
tests\test_v3_enhancement_graceful.py ...........................        [100%]

=================================== ERRORS ====================================
_____ ERROR at setup of TestGeneratePromoCode.test_generates_unique_code ______
..\..\..\..\AppData\Local\Programs\Python\Python313\Lib\site-packages\pytest_asyncio\plugin.py:458: in setup
    return super().setup()
           ^^^^^^^^^^^^^^^
..\..\..\..\AppData\Local\Programs\Python\Python313\Lib\site-packages\pytest_asyncio\plugin.py:743: in pytest_fixture_setup
    hook_result = yield
                  ^^^^^
..\..\..\..\AppData\Local\Programs\Python\Python313\Lib\site-packages\pytest_asyncio\plugin.py:313: in _asyncgen_fixture_wrapper
    result = runner.run(setup(), context=context)
             ^^^^^^^^^^^^^^^^^^^^^^^^^^^^^^^^^^^^
..\..\..\..\AppData\Local\Programs\Python\Python313\Lib\asyncio\runners.py:118: in run
    return self._loop.run_until_complete(task)
           ^^^^^^^^^^^^^^^^^^^^^^^^^^^^^^^^^^^
..\..\..\..\AppData\Local\Programs\Python\Python313\Lib\asyncio\base_events.py:725: in run_until_complete
    return future.result()
           ^^^^^^^^^^^^^^^
..\..\..\..\AppData\Local\Programs\Python\Python313\Lib\site-packages\pytest_asyncio\plugin.py:309: in setup
    res = await gen_obj.__anext__()
          ^^^^^^^^^^^^^^^^^^^^^^^^^
tests\conftest.py:37: in test_engine
    async with engine.begin() as conn:
               ^^^^^^^^^^^^^^
..\..\..\..\AppData\Local\Programs\Python\Python313\Lib\contextlib.py:214: in __aenter__
    return await anext(self.gen)
           ^^^^^^^^^^^^^^^^^^^^^
..\..\..\..\AppData\Local\Programs\Python\Python313\Lib\site-packages\sqlalchemy\ext\asyncio\engine.py:1068: in begin
    async with conn:
               ^^^^
..\..\..\..\AppData\Local\Programs\Python\Python313\Lib\site-packages\sqlalchemy\ext\asyncio\base.py:121: in __aenter__
    return await self.start(is_ctxmanager=True)
           ^^^^^^^^^^^^^^^^^^^^^^^^^^^^^^^^^^^^
..\..\..\..\AppData\Local\Programs\Python\Python313\Lib\site-packages\sqlalchemy\ext\asyncio\engine.py:275: in start
    await greenlet_spawn(self.sync_engine.connect)
..\..\..\..\AppData\Local\Programs\Python\Python313\Lib\site-packages\sqlalchemy\util\_concurrency_py3k.py:201: in greenlet_spawn
    result = context.throw(*sys.exc_info())
             ^^^^^^^^^^^^^^^^^^^^^^^^^^^^^^
..\..\..\..\AppData\Local\Programs\Python\Python313\Lib\site-packages\sqlalchemy\engine\base.py:3285: in connect
    return self._connection_cls(self)
           ^^^^^^^^^^^^^^^^^^^^^^^^^^
..\..\..\..\AppData\Local\Programs\Python\Python313\Lib\site-packages\sqlalchemy\engine\base.py:143: in __init__
    self._dbapi_connection = engine.raw_connection()
                             ^^^^^^^^^^^^^^^^^^^^^^^
..\..\..\..\AppData\Local\Programs\Python\Python313\Lib\site-packages\sqlalchemy\engine\base.py:3309: in raw_connection
    return self.pool.connect()
           ^^^^^^^^^^^^^^^^^^^
..\..\..\..\AppData\Local\Programs\Python\Python313\Lib\site-packages\sqlalchemy\pool\base.py:447: in connect
    return _ConnectionFairy._checkout(self)
           ^^^^^^^^^^^^^^^^^^^^^^^^^^^^^^^^
..\..\..\..\AppData\Local\Programs\Python\Python313\Lib\site-packages\sqlalchemy\pool\base.py:1264: in _checkout
    fairy = _ConnectionRecord.checkout(pool)
            ^^^^^^^^^^^^^^^^^^^^^^^^^^^^^^^^
..\..\..\..\AppData\Local\Programs\Python\Python313\Lib\site-packages\sqlalchemy\pool\base.py:711: in checkout
    rec = pool._do_get()
          ^^^^^^^^^^^^^^
..\..\..\..\AppData\Local\Programs\Python\Python313\Lib\site-packages\sqlalchemy\pool\impl.py:306: in _do_get
    return self._create_connection()
           ^^^^^^^^^^^^^^^^^^^^^^^^^
..\..\..\..\AppData\Local\Programs\Python\Python313\Lib\site-packages\sqlalchemy\pool\base.py:388: in _create_connection
    return _ConnectionRecord(self)
           ^^^^^^^^^^^^^^^^^^^^^^^
..\..\..\..\AppData\Local\Programs\Python\Python313\Lib\site-packages\sqlalchemy\pool\base.py:673: in __init__
    self.__connect()
..\..\..\..\AppData\Local\Programs\Python\Python313\Lib\site-packages\sqlalchemy\pool\base.py:899: in __connect
    with util.safe_reraise():
         ^^^^^^^^^^^^^^^^^^^
..\..\..\..\AppData\Local\Programs\Python\Python313\Lib\site-packages\sqlalchemy\util\langhelpers.py:224: in __exit__
    raise exc_value.with_traceback(exc_tb)
..\..\..\..\AppData\Local\Programs\Python\Python313\Lib\site-packages\sqlalchemy\pool\base.py:895: in __connect
    self.dbapi_connection = connection = pool._invoke_creator(self)
                                         ^^^^^^^^^^^^^^^^^^^^^^^^^^
..\..\..\..\AppData\Local\Programs\Python\Python313\Lib\site-packages\sqlalchemy\engine\create.py:661: in connect
    return dialect.connect(*cargs, **cparams)
           ^^^^^^^^^^^^^^^^^^^^^^^^^^^^^^^^^^
..\..\..\..\AppData\Local\Programs\Python\Python313\Lib\site-packages\sqlalchemy\engine\default.py:630: in connect
    return self.loaded_dbapi.connect(*cargs, **cparams)  # type: ignore[no-any-return]  # NOQA: E501
           ^^^^^^^^^^^^^^^^^^^^^^^^^^^^^^^^^^^^^^^^^^^^
..\..\..\..\AppData\Local\Programs\Python\Python313\Lib\site-packages\sqlalchemy\dialects\postgresql\asyncpg.py:955: in connect
    await_only(creator_fn(*arg, **kw)),
    ^^^^^^^^^^^^^^^^^^^^^^^^^^^^^^^^^^
..\..\..\..\AppData\Local\Programs\Python\Python313\Lib\site-packages\sqlalchemy\util\_concurrency_py3k.py:132: in await_only
    return current.parent.switch(awaitable)  # type: ignore[no-any-return,attr-defined] # noqa: E501
           ^^^^^^^^^^^^^^^^^^^^^^^^^^^^^^^^
..\..\..\..\AppData\Local\Programs\Python\Python313\Lib\site-packages\sqlalchemy\util\_concurrency_py3k.py:196: in greenlet_spawn
    value = await result
            ^^^^^^^^^^^^
..\..\..\..\AppData\Local\Programs\Python\Python313\Lib\site-packages\asyncpg\connection.py:2443: in connect
    return await connect_utils._connect(
..\..\..\..\AppData\Local\Programs\Python\Python313\Lib\site-packages\asyncpg\connect_utils.py:1249: in _connect
    raise last_error or exceptions.TargetServerAttributeNotMatched(
..\..\..\..\AppData\Local\Programs\Python\Python313\Lib\site-packages\asyncpg\connect_utils.py:1218: in _connect
    conn = await _connect_addr(
..\..\..\..\AppData\Local\Programs\Python\Python313\Lib\site-packages\asyncpg\connect_utils.py:1054: in _connect_addr
    return await __connect_addr(params, True, *args)
           ^^^^^^^^^^^^^^^^^^^^^^^^^^^^^^^^^^^^^^^^^
..\..\..\..\AppData\Local\Programs\Python\Python313\Lib\site-packages\asyncpg\connect_utils.py:1099: in __connect_addr
    tr, pr = await connector
             ^^^^^^^^^^^^^^^
..\..\..\..\AppData\Local\Programs\Python\Python313\Lib\site-packages\asyncpg\connect_utils.py:969: in _create_ssl_connection
    tr, pr = await loop.create_connection(
..\..\..\..\AppData\Local\Programs\Python\Python313\Lib\asyncio\base_events.py:1176: in create_connection
    raise exceptions[0]
..\..\..\..\AppData\Local\Programs\Python\Python313\Lib\asyncio\base_events.py:1146: in create_connection
    sock = await self._connect_sock(
..\..\..\..\AppData\Local\Programs\Python\Python313\Lib\asyncio\base_events.py:1045: in _connect_sock
    await self.sock_connect(sock, address)
..\..\..\..\AppData\Local\Programs\Python\Python313\Lib\asyncio\proactor_events.py:728: in sock_connect
    return await self._proactor.connect(sock, address)
           ^^^^^^^^^^^^^^^^^^^^^^^^^^^^^^^^^^^^^^^^^^^
..\..\..\..\AppData\Local\Programs\Python\Python313\Lib\asyncio\windows_events.py:804: in _poll
    value = callback(transferred, key, ov)
            ^^^^^^^^^^^^^^^^^^^^^^^^^^^^^^
..\..\..\..\AppData\Local\Programs\Python\Python313\Lib\asyncio\windows_events.py:600: in finish_connect
    ov.getresult()
E   ConnectionRefusedError: [WinError 1225] Uzaktaki bilgisayar að baðlantýsýný reddetti
---------------------------- Captured stdout setup ----------------------------
Using proactor: IocpProactor
----------------------------- Captured log setup ------------------------------
DEBUG    asyncio:proactor_events.py:633 Using proactor: IocpProactor
_____ ERROR at setup of TestGeneratePromoCode.test_generates_with_prefix ______
..\..\..\..\AppData\Local\Programs\Python\Python313\Lib\site-packages\pytest_asyncio\plugin.py:458: in setup
    return super().setup()
           ^^^^^^^^^^^^^^^
..\..\..\..\AppData\Local\Programs\Python\Python313\Lib\site-packages\pytest_asyncio\plugin.py:313: in _asyncgen_fixture_wrapper
    result = runner.run(setup(), context=context)
             ^^^^^^^^^^^^^^^^^^^^^^^^^^^^^^^^^^^^
..\..\..\..\AppData\Local\Programs\Python\Python313\Lib\asyncio\runners.py:118: in run
    return self._loop.run_until_complete(task)
           ^^^^^^^^^^^^^^^^^^^^^^^^^^^^^^^^^^^
..\..\..\..\AppData\Local\Programs\Python\Python313\Lib\asyncio\base_events.py:725: in run_until_complete
    return future.result()
           ^^^^^^^^^^^^^^^
..\..\..\..\AppData\Local\Programs\Python\Python313\Lib\site-packages\pytest_asyncio\plugin.py:309: in setup
    res = await gen_obj.__anext__()
          ^^^^^^^^^^^^^^^^^^^^^^^^^
tests\conftest.py:37: in test_engine
    async with engine.begin() as conn:
               ^^^^^^^^^^^^^^
..\..\..\..\AppData\Local\Programs\Python\Python313\Lib\contextlib.py:214: in __aenter__
    return await anext(self.gen)
           ^^^^^^^^^^^^^^^^^^^^^
..\..\..\..\AppData\Local\Programs\Python\Python313\Lib\site-packages\sqlalchemy\ext\asyncio\engine.py:1068: in begin
    async with conn:
               ^^^^
..\..\..\..\AppData\Local\Programs\Python\Python313\Lib\site-packages\sqlalchemy\ext\asyncio\base.py:121: in __aenter__
    return await self.start(is_ctxmanager=True)
           ^^^^^^^^^^^^^^^^^^^^^^^^^^^^^^^^^^^^
..\..\..\..\AppData\Local\Programs\Python\Python313\Lib\site-packages\sqlalchemy\ext\asyncio\engine.py:275: in start
    await greenlet_spawn(self.sync_engine.connect)
..\..\..\..\AppData\Local\Programs\Python\Python313\Lib\site-packages\sqlalchemy\util\_concurrency_py3k.py:201: in greenlet_spawn
    result = context.throw(*sys.exc_info())
             ^^^^^^^^^^^^^^^^^^^^^^^^^^^^^^
..\..\..\..\AppData\Local\Programs\Python\Python313\Lib\site-packages\sqlalchemy\engine\base.py:3285: in connect
    return self._connection_cls(self)
           ^^^^^^^^^^^^^^^^^^^^^^^^^^
..\..\..\..\AppData\Local\Programs\Python\Python313\Lib\site-packages\sqlalchemy\engine\base.py:143: in __init__
    self._dbapi_connection = engine.raw_connection()
                             ^^^^^^^^^^^^^^^^^^^^^^^
..\..\..\..\AppData\Local\Programs\Python\Python313\Lib\site-packages\sqlalchemy\engine\base.py:3309: in raw_connection
    return self.pool.connect()
           ^^^^^^^^^^^^^^^^^^^
..\..\..\..\AppData\Local\Programs\Python\Python313\Lib\site-packages\sqlalchemy\pool\base.py:447: in connect
    return _ConnectionFairy._checkout(self)
           ^^^^^^^^^^^^^^^^^^^^^^^^^^^^^^^^
..\..\..\..\AppData\Local\Programs\Python\Python313\Lib\site-packages\sqlalchemy\pool\base.py:1264: in _checkout
    fairy = _ConnectionRecord.checkout(pool)
            ^^^^^^^^^^^^^^^^^^^^^^^^^^^^^^^^
..\..\..\..\AppData\Local\Programs\Python\Python313\Lib\site-packages\sqlalchemy\pool\base.py:711: in checkout
    rec = pool._do_get()
          ^^^^^^^^^^^^^^
..\..\..\..\AppData\Local\Programs\Python\Python313\Lib\site-packages\sqlalchemy\pool\impl.py:306: in _do_get
    return self._create_connection()
           ^^^^^^^^^^^^^^^^^^^^^^^^^
..\..\..\..\AppData\Local\Programs\Python\Python313\Lib\site-packages\sqlalchemy\pool\base.py:388: in _create_connection
    return _ConnectionRecord(self)
           ^^^^^^^^^^^^^^^^^^^^^^^
..\..\..\..\AppData\Local\Programs\Python\Python313\Lib\site-packages\sqlalchemy\pool\base.py:673: in __init__
    self.__connect()
..\..\..\..\AppData\Local\Programs\Python\Python313\Lib\site-packages\sqlalchemy\pool\base.py:899: in __connect
    with util.safe_reraise():
         ^^^^^^^^^^^^^^^^^^^
..\..\..\..\AppData\Local\Programs\Python\Python313\Lib\site-packages\sqlalchemy\util\langhelpers.py:224: in __exit__
    raise exc_value.with_traceback(exc_tb)
..\..\..\..\AppData\Local\Programs\Python\Python313\Lib\site-packages\sqlalchemy\pool\base.py:895: in __connect
    self.dbapi_connection = connection = pool._invoke_creator(self)
                                         ^^^^^^^^^^^^^^^^^^^^^^^^^^
..\..\..\..\AppData\Local\Programs\Python\Python313\Lib\site-packages\sqlalchemy\engine\create.py:661: in connect
    return dialect.connect(*cargs, **cparams)
           ^^^^^^^^^^^^^^^^^^^^^^^^^^^^^^^^^^
..\..\..\..\AppData\Local\Programs\Python\Python313\Lib\site-packages\sqlalchemy\engine\default.py:630: in connect
    return self.loaded_dbapi.connect(*cargs, **cparams)  # type: ignore[no-any-return]  # NOQA: E501
           ^^^^^^^^^^^^^^^^^^^^^^^^^^^^^^^^^^^^^^^^^^^^
..\..\..\..\AppData\Local\Programs\Python\Python313\Lib\site-packages\sqlalchemy\dialects\postgresql\asyncpg.py:955: in connect
    await_only(creator_fn(*arg, **kw)),
    ^^^^^^^^^^^^^^^^^^^^^^^^^^^^^^^^^^
..\..\..\..\AppData\Local\Programs\Python\Python313\Lib\site-packages\sqlalchemy\util\_concurrency_py3k.py:132: in await_only
    return current.parent.switch(awaitable)  # type: ignore[no-any-return,attr-defined] # noqa: E501
           ^^^^^^^^^^^^^^^^^^^^^^^^^^^^^^^^
..\..\..\..\AppData\Local\Programs\Python\Python313\Lib\site-packages\sqlalchemy\util\_concurrency_py3k.py:196: in greenlet_spawn
    value = await result
            ^^^^^^^^^^^^
..\..\..\..\AppData\Local\Programs\Python\Python313\Lib\site-packages\asyncpg\connection.py:2443: in connect
    return await connect_utils._connect(
..\..\..\..\AppData\Local\Programs\Python\Python313\Lib\site-packages\asyncpg\connect_utils.py:1249: in _connect
    raise last_error or exceptions.TargetServerAttributeNotMatched(
..\..\..\..\AppData\Local\Programs\Python\Python313\Lib\site-packages\asyncpg\connect_utils.py:1218: in _connect
    conn = await _connect_addr(
..\..\..\..\AppData\Local\Programs\Python\Python313\Lib\site-packages\asyncpg\connect_utils.py:1054: in _connect_addr
    return await __connect_addr(params, True, *args)
           ^^^^^^^^^^^^^^^^^^^^^^^^^^^^^^^^^^^^^^^^^
..\..\..\..\AppData\Local\Programs\Python\Python313\Lib\site-packages\asyncpg\connect_utils.py:1099: in __connect_addr
    tr, pr = await connector
             ^^^^^^^^^^^^^^^
..\..\..\..\AppData\Local\Programs\Python\Python313\Lib\site-packages\asyncpg\connect_utils.py:969: in _create_ssl_connection
    tr, pr = await loop.create_connection(
..\..\..\..\AppData\Local\Programs\Python\Python313\Lib\asyncio\base_events.py:1176: in create_connection
    raise exceptions[0]
..\..\..\..\AppData\Local\Programs\Python\Python313\Lib\asyncio\base_events.py:1146: in create_connection
    sock = await self._connect_sock(
..\..\..\..\AppData\Local\Programs\Python\Python313\Lib\asyncio\base_events.py:1045: in _connect_sock
    await self.sock_connect(sock, address)
..\..\..\..\AppData\Local\Programs\Python\Python313\Lib\asyncio\proactor_events.py:728: in sock_connect
    return await self._proactor.connect(sock, address)
           ^^^^^^^^^^^^^^^^^^^^^^^^^^^^^^^^^^^^^^^^^^^
..\..\..\..\AppData\Local\Programs\Python\Python313\Lib\asyncio\windows_events.py:804: in _poll
    value = callback(transferred, key, ov)
            ^^^^^^^^^^^^^^^^^^^^^^^^^^^^^^
..\..\..\..\AppData\Local\Programs\Python\Python313\Lib\asyncio\windows_events.py:600: in finish_connect
    ov.getresult()
E   ConnectionRefusedError: [WinError 1225] Uzaktaki bilgisayar að baðlantýsýný reddetti
_ ERROR at setup of TestConcurrentConsume.test_single_use_concurrent_consume __
..\..\..\..\AppData\Local\Programs\Python\Python313\Lib\site-packages\pytest_asyncio\plugin.py:458: in setup
    return super().setup()
           ^^^^^^^^^^^^^^^
..\..\..\..\AppData\Local\Programs\Python\Python313\Lib\site-packages\pytest_asyncio\plugin.py:313: in _asyncgen_fixture_wrapper
    result = runner.run(setup(), context=context)
             ^^^^^^^^^^^^^^^^^^^^^^^^^^^^^^^^^^^^
..\..\..\..\AppData\Local\Programs\Python\Python313\Lib\asyncio\runners.py:118: in run
    return self._loop.run_until_complete(task)
           ^^^^^^^^^^^^^^^^^^^^^^^^^^^^^^^^^^^
..\..\..\..\AppData\Local\Programs\Python\Python313\Lib\asyncio\base_events.py:725: in run_until_complete
    return future.result()
           ^^^^^^^^^^^^^^^
..\..\..\..\AppData\Local\Programs\Python\Python313\Lib\site-packages\pytest_asyncio\plugin.py:309: in setup
    res = await gen_obj.__anext__()
          ^^^^^^^^^^^^^^^^^^^^^^^^^
tests\conftest.py:37: in test_engine
    async with engine.begin() as conn:
               ^^^^^^^^^^^^^^
..\..\..\..\AppData\Local\Programs\Python\Python313\Lib\contextlib.py:214: in __aenter__
    return await anext(self.gen)
           ^^^^^^^^^^^^^^^^^^^^^
..\..\..\..\AppData\Local\Programs\Python\Python313\Lib\site-packages\sqlalchemy\ext\asyncio\engine.py:1068: in begin
    async with conn:
               ^^^^
..\..\..\..\AppData\Local\Programs\Python\Python313\Lib\site-packages\sqlalchemy\ext\asyncio\base.py:121: in __aenter__
    return await self.start(is_ctxmanager=True)
           ^^^^^^^^^^^^^^^^^^^^^^^^^^^^^^^^^^^^
..\..\..\..\AppData\Local\Programs\Python\Python313\Lib\site-packages\sqlalchemy\ext\asyncio\engine.py:275: in start
    await greenlet_spawn(self.sync_engine.connect)
..\..\..\..\AppData\Local\Programs\Python\Python313\Lib\site-packages\sqlalchemy\util\_concurrency_py3k.py:201: in greenlet_spawn
    result = context.throw(*sys.exc_info())
             ^^^^^^^^^^^^^^^^^^^^^^^^^^^^^^
..\..\..\..\AppData\Local\Programs\Python\Python313\Lib\site-packages\sqlalchemy\engine\base.py:3285: in connect
    return self._connection_cls(self)
           ^^^^^^^^^^^^^^^^^^^^^^^^^^
..\..\..\..\AppData\Local\Programs\Python\Python313\Lib\site-packages\sqlalchemy\engine\base.py:143: in __init__
    self._dbapi_connection = engine.raw_connection()
                             ^^^^^^^^^^^^^^^^^^^^^^^
..\..\..\..\AppData\Local\Programs\Python\Python313\Lib\site-packages\sqlalchemy\engine\base.py:3309: in raw_connection
    return self.pool.connect()
           ^^^^^^^^^^^^^^^^^^^
..\..\..\..\AppData\Local\Programs\Python\Python313\Lib\site-packages\sqlalchemy\pool\base.py:447: in connect
    return _ConnectionFairy._checkout(self)
           ^^^^^^^^^^^^^^^^^^^^^^^^^^^^^^^^
..\..\..\..\AppData\Local\Programs\Python\Python313\Lib\site-packages\sqlalchemy\pool\base.py:1264: in _checkout
    fairy = _ConnectionRecord.checkout(pool)
            ^^^^^^^^^^^^^^^^^^^^^^^^^^^^^^^^
..\..\..\..\AppData\Local\Programs\Python\Python313\Lib\site-packages\sqlalchemy\pool\base.py:711: in checkout
    rec = pool._do_get()
          ^^^^^^^^^^^^^^
..\..\..\..\AppData\Local\Programs\Python\Python313\Lib\site-packages\sqlalchemy\pool\impl.py:306: in _do_get
    return self._create_connection()
           ^^^^^^^^^^^^^^^^^^^^^^^^^
..\..\..\..\AppData\Local\Programs\Python\Python313\Lib\site-packages\sqlalchemy\pool\base.py:388: in _create_connection
    return _ConnectionRecord(self)
           ^^^^^^^^^^^^^^^^^^^^^^^
..\..\..\..\AppData\Local\Programs\Python\Python313\Lib\site-packages\sqlalchemy\pool\base.py:673: in __init__
    self.__connect()
..\..\..\..\AppData\Local\Programs\Python\Python313\Lib\site-packages\sqlalchemy\pool\base.py:899: in __connect
    with util.safe_reraise():
         ^^^^^^^^^^^^^^^^^^^
..\..\..\..\AppData\Local\Programs\Python\Python313\Lib\site-packages\sqlalchemy\util\langhelpers.py:224: in __exit__
    raise exc_value.with_traceback(exc_tb)
..\..\..\..\AppData\Local\Programs\Python\Python313\Lib\site-packages\sqlalchemy\pool\base.py:895: in __connect
    self.dbapi_connection = connection = pool._invoke_creator(self)
                                         ^^^^^^^^^^^^^^^^^^^^^^^^^^
..\..\..\..\AppData\Local\Programs\Python\Python313\Lib\site-packages\sqlalchemy\engine\create.py:661: in connect
    return dialect.connect(*cargs, **cparams)
           ^^^^^^^^^^^^^^^^^^^^^^^^^^^^^^^^^^
..\..\..\..\AppData\Local\Programs\Python\Python313\Lib\site-packages\sqlalchemy\engine\default.py:630: in connect
    return self.loaded_dbapi.connect(*cargs, **cparams)  # type: ignore[no-any-return]  # NOQA: E501
           ^^^^^^^^^^^^^^^^^^^^^^^^^^^^^^^^^^^^^^^^^^^^
..\..\..\..\AppData\Local\Programs\Python\Python313\Lib\site-packages\sqlalchemy\dialects\postgresql\asyncpg.py:955: in connect
    await_only(creator_fn(*arg, **kw)),
    ^^^^^^^^^^^^^^^^^^^^^^^^^^^^^^^^^^
..\..\..\..\AppData\Local\Programs\Python\Python313\Lib\site-packages\sqlalchemy\util\_concurrency_py3k.py:132: in await_only
    return current.parent.switch(awaitable)  # type: ignore[no-any-return,attr-defined] # noqa: E501
           ^^^^^^^^^^^^^^^^^^^^^^^^^^^^^^^^
..\..\..\..\AppData\Local\Programs\Python\Python313\Lib\site-packages\sqlalchemy\util\_concurrency_py3k.py:196: in greenlet_spawn
    value = await result
            ^^^^^^^^^^^^
..\..\..\..\AppData\Local\Programs\Python\Python313\Lib\site-packages\asyncpg\connection.py:2443: in connect
    return await connect_utils._connect(
..\..\..\..\AppData\Local\Programs\Python\Python313\Lib\site-packages\asyncpg\connect_utils.py:1249: in _connect
    raise last_error or exceptions.TargetServerAttributeNotMatched(
..\..\..\..\AppData\Local\Programs\Python\Python313\Lib\site-packages\asyncpg\connect_utils.py:1218: in _connect
    conn = await _connect_addr(
..\..\..\..\AppData\Local\Programs\Python\Python313\Lib\site-packages\asyncpg\connect_utils.py:1054: in _connect_addr
    return await __connect_addr(params, True, *args)
           ^^^^^^^^^^^^^^^^^^^^^^^^^^^^^^^^^^^^^^^^^
..\..\..\..\AppData\Local\Programs\Python\Python313\Lib\site-packages\asyncpg\connect_utils.py:1099: in __connect_addr
    tr, pr = await connector
             ^^^^^^^^^^^^^^^
..\..\..\..\AppData\Local\Programs\Python\Python313\Lib\site-packages\asyncpg\connect_utils.py:969: in _create_ssl_connection
    tr, pr = await loop.create_connection(
..\..\..\..\AppData\Local\Programs\Python\Python313\Lib\asyncio\base_events.py:1176: in create_connection
    raise exceptions[0]
..\..\..\..\AppData\Local\Programs\Python\Python313\Lib\asyncio\base_events.py:1146: in create_connection
    sock = await self._connect_sock(
..\..\..\..\AppData\Local\Programs\Python\Python313\Lib\asyncio\base_events.py:1045: in _connect_sock
    await self.sock_connect(sock, address)
..\..\..\..\AppData\Local\Programs\Python\Python313\Lib\asyncio\proactor_events.py:728: in sock_connect
    return await self._proactor.connect(sock, address)
           ^^^^^^^^^^^^^^^^^^^^^^^^^^^^^^^^^^^^^^^^^^^
..\..\..\..\AppData\Local\Programs\Python\Python313\Lib\asyncio\windows_events.py:804: in _poll
    value = callback(transferred, key, ov)
            ^^^^^^^^^^^^^^^^^^^^^^^^^^^^^^
..\..\..\..\AppData\Local\Programs\Python\Python313\Lib\asyncio\windows_events.py:600: in finish_connect
    ov.getresult()
E   ConnectionRefusedError: [WinError 1225] Uzaktaki bilgisayar að baðlantýsýný reddetti
______ ERROR at setup of TestConcurrentConsume.test_consume_active_promo ______
..\..\..\..\AppData\Local\Programs\Python\Python313\Lib\site-packages\pytest_asyncio\plugin.py:458: in setup
    return super().setup()
           ^^^^^^^^^^^^^^^
..\..\..\..\AppData\Local\Programs\Python\Python313\Lib\site-packages\pytest_asyncio\plugin.py:313: in _asyncgen_fixture_wrapper
    result = runner.run(setup(), context=context)
             ^^^^^^^^^^^^^^^^^^^^^^^^^^^^^^^^^^^^
..\..\..\..\AppData\Local\Programs\Python\Python313\Lib\asyncio\runners.py:118: in run
    return self._loop.run_until_complete(task)
           ^^^^^^^^^^^^^^^^^^^^^^^^^^^^^^^^^^^
..\..\..\..\AppData\Local\Programs\Python\Python313\Lib\asyncio\base_events.py:725: in run_until_complete
    return future.result()
           ^^^^^^^^^^^^^^^
..\..\..\..\AppData\Local\Programs\Python\Python313\Lib\site-packages\pytest_asyncio\plugin.py:309: in setup
    res = await gen_obj.__anext__()
          ^^^^^^^^^^^^^^^^^^^^^^^^^
tests\conftest.py:37: in test_engine
    async with engine.begin() as conn:
               ^^^^^^^^^^^^^^
..\..\..\..\AppData\Local\Programs\Python\Python313\Lib\contextlib.py:214: in __aenter__
    return await anext(self.gen)
           ^^^^^^^^^^^^^^^^^^^^^
..\..\..\..\AppData\Local\Programs\Python\Python313\Lib\site-packages\sqlalchemy\ext\asyncio\engine.py:1068: in begin
    async with conn:
               ^^^^
..\..\..\..\AppData\Local\Programs\Python\Python313\Lib\site-packages\sqlalchemy\ext\asyncio\base.py:121: in __aenter__
    return await self.start(is_ctxmanager=True)
           ^^^^^^^^^^^^^^^^^^^^^^^^^^^^^^^^^^^^
..\..\..\..\AppData\Local\Programs\Python\Python313\Lib\site-packages\sqlalchemy\ext\asyncio\engine.py:275: in start
    await greenlet_spawn(self.sync_engine.connect)
..\..\..\..\AppData\Local\Programs\Python\Python313\Lib\site-packages\sqlalchemy\util\_concurrency_py3k.py:201: in greenlet_spawn
    result = context.throw(*sys.exc_info())
             ^^^^^^^^^^^^^^^^^^^^^^^^^^^^^^
..\..\..\..\AppData\Local\Programs\Python\Python313\Lib\site-packages\sqlalchemy\engine\base.py:3285: in connect
    return self._connection_cls(self)
           ^^^^^^^^^^^^^^^^^^^^^^^^^^
..\..\..\..\AppData\Local\Programs\Python\Python313\Lib\site-packages\sqlalchemy\engine\base.py:143: in __init__
    self._dbapi_connection = engine.raw_connection()
                             ^^^^^^^^^^^^^^^^^^^^^^^
..\..\..\..\AppData\Local\Programs\Python\Python313\Lib\site-packages\sqlalchemy\engine\base.py:3309: in raw_connection
    return self.pool.connect()
           ^^^^^^^^^^^^^^^^^^^
..\..\..\..\AppData\Local\Programs\Python\Python313\Lib\site-packages\sqlalchemy\pool\base.py:447: in connect
    return _ConnectionFairy._checkout(self)
           ^^^^^^^^^^^^^^^^^^^^^^^^^^^^^^^^
..\..\..\..\AppData\Local\Programs\Python\Python313\Lib\site-packages\sqlalchemy\pool\base.py:1264: in _checkout
    fairy = _ConnectionRecord.checkout(pool)
            ^^^^^^^^^^^^^^^^^^^^^^^^^^^^^^^^
..\..\..\..\AppData\Local\Programs\Python\Python313\Lib\site-packages\sqlalchemy\pool\base.py:711: in checkout
    rec = pool._do_get()
          ^^^^^^^^^^^^^^
..\..\..\..\AppData\Local\Programs\Python\Python313\Lib\site-packages\sqlalchemy\pool\impl.py:306: in _do_get
    return self._create_connection()
           ^^^^^^^^^^^^^^^^^^^^^^^^^
..\..\..\..\AppData\Local\Programs\Python\Python313\Lib\site-packages\sqlalchemy\pool\base.py:388: in _create_connection
    return _ConnectionRecord(self)
           ^^^^^^^^^^^^^^^^^^^^^^^
..\..\..\..\AppData\Local\Programs\Python\Python313\Lib\site-packages\sqlalchemy\pool\base.py:673: in __init__
    self.__connect()
..\..\..\..\AppData\Local\Programs\Python\Python313\Lib\site-packages\sqlalchemy\pool\base.py:899: in __connect
    with util.safe_reraise():
         ^^^^^^^^^^^^^^^^^^^
..\..\..\..\AppData\Local\Programs\Python\Python313\Lib\site-packages\sqlalchemy\util\langhelpers.py:224: in __exit__
    raise exc_value.with_traceback(exc_tb)
..\..\..\..\AppData\Local\Programs\Python\Python313\Lib\site-packages\sqlalchemy\pool\base.py:895: in __connect
    self.dbapi_connection = connection = pool._invoke_creator(self)
                                         ^^^^^^^^^^^^^^^^^^^^^^^^^^
..\..\..\..\AppData\Local\Programs\Python\Python313\Lib\site-packages\sqlalchemy\engine\create.py:661: in connect
    return dialect.connect(*cargs, **cparams)
           ^^^^^^^^^^^^^^^^^^^^^^^^^^^^^^^^^^
..\..\..\..\AppData\Local\Programs\Python\Python313\Lib\site-packages\sqlalchemy\engine\default.py:630: in connect
    return self.loaded_dbapi.connect(*cargs, **cparams)  # type: ignore[no-any-return]  # NOQA: E501
           ^^^^^^^^^^^^^^^^^^^^^^^^^^^^^^^^^^^^^^^^^^^^
..\..\..\..\AppData\Local\Programs\Python\Python313\Lib\site-packages\sqlalchemy\dialects\postgresql\asyncpg.py:955: in connect
    await_only(creator_fn(*arg, **kw)),
    ^^^^^^^^^^^^^^^^^^^^^^^^^^^^^^^^^^
..\..\..\..\AppData\Local\Programs\Python\Python313\Lib\site-packages\sqlalchemy\util\_concurrency_py3k.py:132: in await_only
    return current.parent.switch(awaitable)  # type: ignore[no-any-return,attr-defined] # noqa: E501
           ^^^^^^^^^^^^^^^^^^^^^^^^^^^^^^^^
..\..\..\..\AppData\Local\Programs\Python\Python313\Lib\site-packages\sqlalchemy\util\_concurrency_py3k.py:196: in greenlet_spawn
    value = await result
            ^^^^^^^^^^^^
..\..\..\..\AppData\Local\Programs\Python\Python313\Lib\site-packages\asyncpg\connection.py:2443: in connect
    return await connect_utils._connect(
..\..\..\..\AppData\Local\Programs\Python\Python313\Lib\site-packages\asyncpg\connect_utils.py:1249: in _connect
    raise last_error or exceptions.TargetServerAttributeNotMatched(
..\..\..\..\AppData\Local\Programs\Python\Python313\Lib\site-packages\asyncpg\connect_utils.py:1218: in _connect
    conn = await _connect_addr(
..\..\..\..\AppData\Local\Programs\Python\Python313\Lib\site-packages\asyncpg\connect_utils.py:1054: in _connect_addr
    return await __connect_addr(params, True, *args)
           ^^^^^^^^^^^^^^^^^^^^^^^^^^^^^^^^^^^^^^^^^
..\..\..\..\AppData\Local\Programs\Python\Python313\Lib\site-packages\asyncpg\connect_utils.py:1099: in __connect_addr
    tr, pr = await connector
             ^^^^^^^^^^^^^^^
..\..\..\..\AppData\Local\Programs\Python\Python313\Lib\site-packages\asyncpg\connect_utils.py:969: in _create_ssl_connection
    tr, pr = await loop.create_connection(
..\..\..\..\AppData\Local\Programs\Python\Python313\Lib\asyncio\base_events.py:1176: in create_connection
    raise exceptions[0]
..\..\..\..\AppData\Local\Programs\Python\Python313\Lib\asyncio\base_events.py:1146: in create_connection
    sock = await self._connect_sock(
..\..\..\..\AppData\Local\Programs\Python\Python313\Lib\asyncio\base_events.py:1045: in _connect_sock
    await self.sock_connect(sock, address)
..\..\..\..\AppData\Local\Programs\Python\Python313\Lib\asyncio\proactor_events.py:728: in sock_connect
    return await self._proactor.connect(sock, address)
           ^^^^^^^^^^^^^^^^^^^^^^^^^^^^^^^^^^^^^^^^^^^
..\..\..\..\AppData\Local\Programs\Python\Python313\Lib\asyncio\windows_events.py:804: in _poll
    value = callback(transferred, key, ov)
            ^^^^^^^^^^^^^^^^^^^^^^^^^^^^^^
..\..\..\..\AppData\Local\Programs\Python\Python313\Lib\asyncio\windows_events.py:600: in finish_connect
    ov.getresult()
E   ConnectionRefusedError: [WinError 1225] Uzaktaki bilgisayar að baðlantýsýný reddetti
__ ERROR at setup of TestConcurrentConsume.test_consume_inactive_promo_fails __
..\..\..\..\AppData\Local\Programs\Python\Python313\Lib\site-packages\pytest_asyncio\plugin.py:458: in setup
    return super().setup()
           ^^^^^^^^^^^^^^^
..\..\..\..\AppData\Local\Programs\Python\Python313\Lib\site-packages\pytest_asyncio\plugin.py:313: in _asyncgen_fixture_wrapper
    result = runner.run(setup(), context=context)
             ^^^^^^^^^^^^^^^^^^^^^^^^^^^^^^^^^^^^
..\..\..\..\AppData\Local\Programs\Python\Python313\Lib\asyncio\runners.py:118: in run
    return self._loop.run_until_complete(task)
           ^^^^^^^^^^^^^^^^^^^^^^^^^^^^^^^^^^^
..\..\..\..\AppData\Local\Programs\Python\Python313\Lib\asyncio\base_events.py:725: in run_until_complete
    return future.result()
           ^^^^^^^^^^^^^^^
..\..\..\..\AppData\Local\Programs\Python\Python313\Lib\site-packages\pytest_asyncio\plugin.py:309: in setup
    res = await gen_obj.__anext__()
          ^^^^^^^^^^^^^^^^^^^^^^^^^
tests\conftest.py:37: in test_engine
    async with engine.begin() as conn:
               ^^^^^^^^^^^^^^
..\..\..\..\AppData\Local\Programs\Python\Python313\Lib\contextlib.py:214: in __aenter__
    return await anext(self.gen)
           ^^^^^^^^^^^^^^^^^^^^^
..\..\..\..\AppData\Local\Programs\Python\Python313\Lib\site-packages\sqlalchemy\ext\asyncio\engine.py:1068: in begin
    async with conn:
               ^^^^
..\..\..\..\AppData\Local\Programs\Python\Python313\Lib\site-packages\sqlalchemy\ext\asyncio\base.py:121: in __aenter__
    return await self.start(is_ctxmanager=True)
           ^^^^^^^^^^^^^^^^^^^^^^^^^^^^^^^^^^^^
..\..\..\..\AppData\Local\Programs\Python\Python313\Lib\site-packages\sqlalchemy\ext\asyncio\engine.py:275: in start
    await greenlet_spawn(self.sync_engine.connect)
..\..\..\..\AppData\Local\Programs\Python\Python313\Lib\site-packages\sqlalchemy\util\_concurrency_py3k.py:201: in greenlet_spawn
    result = context.throw(*sys.exc_info())
             ^^^^^^^^^^^^^^^^^^^^^^^^^^^^^^
..\..\..\..\AppData\Local\Programs\Python\Python313\Lib\site-packages\sqlalchemy\engine\base.py:3285: in connect
    return self._connection_cls(self)
           ^^^^^^^^^^^^^^^^^^^^^^^^^^
..\..\..\..\AppData\Local\Programs\Python\Python313\Lib\site-packages\sqlalchemy\engine\base.py:143: in __init__
    self._dbapi_connection = engine.raw_connection()
                             ^^^^^^^^^^^^^^^^^^^^^^^
..\..\..\..\AppData\Local\Programs\Python\Python313\Lib\site-packages\sqlalchemy\engine\base.py:3309: in raw_connection
    return self.pool.connect()
           ^^^^^^^^^^^^^^^^^^^
..\..\..\..\AppData\Local\Programs\Python\Python313\Lib\site-packages\sqlalchemy\pool\base.py:447: in connect
    return _ConnectionFairy._checkout(self)
           ^^^^^^^^^^^^^^^^^^^^^^^^^^^^^^^^
..\..\..\..\AppData\Local\Programs\Python\Python313\Lib\site-packages\sqlalchemy\pool\base.py:1264: in _checkout
    fairy = _ConnectionRecord.checkout(pool)
            ^^^^^^^^^^^^^^^^^^^^^^^^^^^^^^^^
..\..\..\..\AppData\Local\Programs\Python\Python313\Lib\site-packages\sqlalchemy\pool\base.py:711: in checkout
    rec = pool._do_get()
          ^^^^^^^^^^^^^^
..\..\..\..\AppData\Local\Programs\Python\Python313\Lib\site-packages\sqlalchemy\pool\impl.py:306: in _do_get
    return self._create_connection()
           ^^^^^^^^^^^^^^^^^^^^^^^^^
..\..\..\..\AppData\Local\Programs\Python\Python313\Lib\site-packages\sqlalchemy\pool\base.py:388: in _create_connection
    return _ConnectionRecord(self)
           ^^^^^^^^^^^^^^^^^^^^^^^
..\..\..\..\AppData\Local\Programs\Python\Python313\Lib\site-packages\sqlalchemy\pool\base.py:673: in __init__
    self.__connect()
..\..\..\..\AppData\Local\Programs\Python\Python313\Lib\site-packages\sqlalchemy\pool\base.py:899: in __connect
    with util.safe_reraise():
         ^^^^^^^^^^^^^^^^^^^
..\..\..\..\AppData\Local\Programs\Python\Python313\Lib\site-packages\sqlalchemy\util\langhelpers.py:224: in __exit__
    raise exc_value.with_traceback(exc_tb)
..\..\..\..\AppData\Local\Programs\Python\Python313\Lib\site-packages\sqlalchemy\pool\base.py:895: in __connect
    self.dbapi_connection = connection = pool._invoke_creator(self)
                                         ^^^^^^^^^^^^^^^^^^^^^^^^^^
..\..\..\..\AppData\Local\Programs\Python\Python313\Lib\site-packages\sqlalchemy\engine\create.py:661: in connect
    return dialect.connect(*cargs, **cparams)
           ^^^^^^^^^^^^^^^^^^^^^^^^^^^^^^^^^^
..\..\..\..\AppData\Local\Programs\Python\Python313\Lib\site-packages\sqlalchemy\engine\default.py:630: in connect
    return self.loaded_dbapi.connect(*cargs, **cparams)  # type: ignore[no-any-return]  # NOQA: E501
           ^^^^^^^^^^^^^^^^^^^^^^^^^^^^^^^^^^^^^^^^^^^^
..\..\..\..\AppData\Local\Programs\Python\Python313\Lib\site-packages\sqlalchemy\dialects\postgresql\asyncpg.py:955: in connect
    await_only(creator_fn(*arg, **kw)),
    ^^^^^^^^^^^^^^^^^^^^^^^^^^^^^^^^^^
..\..\..\..\AppData\Local\Programs\Python\Python313\Lib\site-packages\sqlalchemy\util\_concurrency_py3k.py:132: in await_only
    return current.parent.switch(awaitable)  # type: ignore[no-any-return,attr-defined] # noqa: E501
           ^^^^^^^^^^^^^^^^^^^^^^^^^^^^^^^^
..\..\..\..\AppData\Local\Programs\Python\Python313\Lib\site-packages\sqlalchemy\util\_concurrency_py3k.py:196: in greenlet_spawn
    value = await result
            ^^^^^^^^^^^^
..\..\..\..\AppData\Local\Programs\Python\Python313\Lib\site-packages\asyncpg\connection.py:2443: in connect
    return await connect_utils._connect(
..\..\..\..\AppData\Local\Programs\Python\Python313\Lib\site-packages\asyncpg\connect_utils.py:1249: in _connect
    raise last_error or exceptions.TargetServerAttributeNotMatched(
..\..\..\..\AppData\Local\Programs\Python\Python313\Lib\site-packages\asyncpg\connect_utils.py:1218: in _connect
    conn = await _connect_addr(
..\..\..\..\AppData\Local\Programs\Python\Python313\Lib\site-packages\asyncpg\connect_utils.py:1054: in _connect_addr
    return await __connect_addr(params, True, *args)
           ^^^^^^^^^^^^^^^^^^^^^^^^^^^^^^^^^^^^^^^^^
..\..\..\..\AppData\Local\Programs\Python\Python313\Lib\site-packages\asyncpg\connect_utils.py:1099: in __connect_addr
    tr, pr = await connector
             ^^^^^^^^^^^^^^^
..\..\..\..\AppData\Local\Programs\Python\Python313\Lib\site-packages\asyncpg\connect_utils.py:969: in _create_ssl_connection
    tr, pr = await loop.create_connection(
..\..\..\..\AppData\Local\Programs\Python\Python313\Lib\asyncio\base_events.py:1176: in create_connection
    raise exceptions[0]
..\..\..\..\AppData\Local\Programs\Python\Python313\Lib\asyncio\base_events.py:1146: in create_connection
    sock = await self._connect_sock(
..\..\..\..\AppData\Local\Programs\Python\Python313\Lib\asyncio\base_events.py:1045: in _connect_sock
    await self.sock_connect(sock, address)
..\..\..\..\AppData\Local\Programs\Python\Python313\Lib\asyncio\proactor_events.py:728: in sock_connect
    return await self._proactor.connect(sock, address)
           ^^^^^^^^^^^^^^^^^^^^^^^^^^^^^^^^^^^^^^^^^^^
..\..\..\..\AppData\Local\Programs\Python\Python313\Lib\asyncio\windows_events.py:804: in _poll
    value = callback(transferred, key, ov)
            ^^^^^^^^^^^^^^^^^^^^^^^^^^^^^^
..\..\..\..\AppData\Local\Programs\Python\Python313\Lib\asyncio\windows_events.py:600: in finish_connect
    ov.getresult()
E   ConnectionRefusedError: [WinError 1225] Uzaktaki bilgisayar að baðlantýsýný reddetti
___________ ERROR at setup of TestAdminPromoCRUD.test_create_promo ____________
..\..\..\..\AppData\Local\Programs\Python\Python313\Lib\site-packages\pytest_asyncio\plugin.py:458: in setup
    return super().setup()
           ^^^^^^^^^^^^^^^
..\..\..\..\AppData\Local\Programs\Python\Python313\Lib\site-packages\pytest_asyncio\plugin.py:313: in _asyncgen_fixture_wrapper
    result = runner.run(setup(), context=context)
             ^^^^^^^^^^^^^^^^^^^^^^^^^^^^^^^^^^^^
..\..\..\..\AppData\Local\Programs\Python\Python313\Lib\asyncio\runners.py:118: in run
    return self._loop.run_until_complete(task)
           ^^^^^^^^^^^^^^^^^^^^^^^^^^^^^^^^^^^
..\..\..\..\AppData\Local\Programs\Python\Python313\Lib\asyncio\base_events.py:725: in run_until_complete
    return future.result()
           ^^^^^^^^^^^^^^^
..\..\..\..\AppData\Local\Programs\Python\Python313\Lib\site-packages\pytest_asyncio\plugin.py:309: in setup
    res = await gen_obj.__anext__()
          ^^^^^^^^^^^^^^^^^^^^^^^^^
tests\conftest.py:37: in test_engine
    async with engine.begin() as conn:
               ^^^^^^^^^^^^^^
..\..\..\..\AppData\Local\Programs\Python\Python313\Lib\contextlib.py:214: in __aenter__
    return await anext(self.gen)
           ^^^^^^^^^^^^^^^^^^^^^
..\..\..\..\AppData\Local\Programs\Python\Python313\Lib\site-packages\sqlalchemy\ext\asyncio\engine.py:1068: in begin
    async with conn:
               ^^^^
..\..\..\..\AppData\Local\Programs\Python\Python313\Lib\site-packages\sqlalchemy\ext\asyncio\base.py:121: in __aenter__
    return await self.start(is_ctxmanager=True)
           ^^^^^^^^^^^^^^^^^^^^^^^^^^^^^^^^^^^^
..\..\..\..\AppData\Local\Programs\Python\Python313\Lib\site-packages\sqlalchemy\ext\asyncio\engine.py:275: in start
    await greenlet_spawn(self.sync_engine.connect)
..\..\..\..\AppData\Local\Programs\Python\Python313\Lib\site-packages\sqlalchemy\util\_concurrency_py3k.py:201: in greenlet_spawn
    result = context.throw(*sys.exc_info())
             ^^^^^^^^^^^^^^^^^^^^^^^^^^^^^^
..\..\..\..\AppData\Local\Programs\Python\Python313\Lib\site-packages\sqlalchemy\engine\base.py:3285: in connect
    return self._connection_cls(self)
           ^^^^^^^^^^^^^^^^^^^^^^^^^^
..\..\..\..\AppData\Local\Programs\Python\Python313\Lib\site-packages\sqlalchemy\engine\base.py:143: in __init__
    self._dbapi_connection = engine.raw_connection()
                             ^^^^^^^^^^^^^^^^^^^^^^^
..\..\..\..\AppData\Local\Programs\Python\Python313\Lib\site-packages\sqlalchemy\engine\base.py:3309: in raw_connection
    return self.pool.connect()
           ^^^^^^^^^^^^^^^^^^^
..\..\..\..\AppData\Local\Programs\Python\Python313\Lib\site-packages\sqlalchemy\pool\base.py:447: in connect
    return _ConnectionFairy._checkout(self)
           ^^^^^^^^^^^^^^^^^^^^^^^^^^^^^^^^
..\..\..\..\AppData\Local\Programs\Python\Python313\Lib\site-packages\sqlalchemy\pool\base.py:1264: in _checkout
    fairy = _ConnectionRecord.checkout(pool)
            ^^^^^^^^^^^^^^^^^^^^^^^^^^^^^^^^
..\..\..\..\AppData\Local\Programs\Python\Python313\Lib\site-packages\sqlalchemy\pool\base.py:711: in checkout
    rec = pool._do_get()
          ^^^^^^^^^^^^^^
..\..\..\..\AppData\Local\Programs\Python\Python313\Lib\site-packages\sqlalchemy\pool\impl.py:306: in _do_get
    return self._create_connection()
           ^^^^^^^^^^^^^^^^^^^^^^^^^
..\..\..\..\AppData\Local\Programs\Python\Python313\Lib\site-packages\sqlalchemy\pool\base.py:388: in _create_connection
    return _ConnectionRecord(self)
           ^^^^^^^^^^^^^^^^^^^^^^^
..\..\..\..\AppData\Local\Programs\Python\Python313\Lib\site-packages\sqlalchemy\pool\base.py:673: in __init__
    self.__connect()
..\..\..\..\AppData\Local\Programs\Python\Python313\Lib\site-packages\sqlalchemy\pool\base.py:899: in __connect
    with util.safe_reraise():
         ^^^^^^^^^^^^^^^^^^^
..\..\..\..\AppData\Local\Programs\Python\Python313\Lib\site-packages\sqlalchemy\util\langhelpers.py:224: in __exit__
    raise exc_value.with_traceback(exc_tb)
..\..\..\..\AppData\Local\Programs\Python\Python313\Lib\site-packages\sqlalchemy\pool\base.py:895: in __connect
    self.dbapi_connection = connection = pool._invoke_creator(self)
                                         ^^^^^^^^^^^^^^^^^^^^^^^^^^
..\..\..\..\AppData\Local\Programs\Python\Python313\Lib\site-packages\sqlalchemy\engine\create.py:661: in connect
    return dialect.connect(*cargs, **cparams)
           ^^^^^^^^^^^^^^^^^^^^^^^^^^^^^^^^^^
..\..\..\..\AppData\Local\Programs\Python\Python313\Lib\site-packages\sqlalchemy\engine\default.py:630: in connect
    return self.loaded_dbapi.connect(*cargs, **cparams)  # type: ignore[no-any-return]  # NOQA: E501
           ^^^^^^^^^^^^^^^^^^^^^^^^^^^^^^^^^^^^^^^^^^^^
..\..\..\..\AppData\Local\Programs\Python\Python313\Lib\site-packages\sqlalchemy\dialects\postgresql\asyncpg.py:955: in connect
    await_only(creator_fn(*arg, **kw)),
    ^^^^^^^^^^^^^^^^^^^^^^^^^^^^^^^^^^
..\..\..\..\AppData\Local\Programs\Python\Python313\Lib\site-packages\sqlalchemy\util\_concurrency_py3k.py:132: in await_only
    return current.parent.switch(awaitable)  # type: ignore[no-any-return,attr-defined] # noqa: E501
           ^^^^^^^^^^^^^^^^^^^^^^^^^^^^^^^^
..\..\..\..\AppData\Local\Programs\Python\Python313\Lib\site-packages\sqlalchemy\util\_concurrency_py3k.py:196: in greenlet_spawn
    value = await result
            ^^^^^^^^^^^^
..\..\..\..\AppData\Local\Programs\Python\Python313\Lib\site-packages\asyncpg\connection.py:2443: in connect
    return await connect_utils._connect(
..\..\..\..\AppData\Local\Programs\Python\Python313\Lib\site-packages\asyncpg\connect_utils.py:1249: in _connect
    raise last_error or exceptions.TargetServerAttributeNotMatched(
..\..\..\..\AppData\Local\Programs\Python\Python313\Lib\site-packages\asyncpg\connect_utils.py:1218: in _connect
    conn = await _connect_addr(
..\..\..\..\AppData\Local\Programs\Python\Python313\Lib\site-packages\asyncpg\connect_utils.py:1054: in _connect_addr
    return await __connect_addr(params, True, *args)
           ^^^^^^^^^^^^^^^^^^^^^^^^^^^^^^^^^^^^^^^^^
..\..\..\..\AppData\Local\Programs\Python\Python313\Lib\site-packages\asyncpg\connect_utils.py:1099: in __connect_addr
    tr, pr = await connector
             ^^^^^^^^^^^^^^^
..\..\..\..\AppData\Local\Programs\Python\Python313\Lib\site-packages\asyncpg\connect_utils.py:969: in _create_ssl_connection
    tr, pr = await loop.create_connection(
..\..\..\..\AppData\Local\Programs\Python\Python313\Lib\asyncio\base_events.py:1176: in create_connection
    raise exceptions[0]
..\..\..\..\AppData\Local\Programs\Python\Python313\Lib\asyncio\base_events.py:1146: in create_connection
    sock = await self._connect_sock(
..\..\..\..\AppData\Local\Programs\Python\Python313\Lib\asyncio\base_events.py:1045: in _connect_sock
    await self.sock_connect(sock, address)
..\..\..\..\AppData\Local\Programs\Python\Python313\Lib\asyncio\proactor_events.py:728: in sock_connect
    return await self._proactor.connect(sock, address)
           ^^^^^^^^^^^^^^^^^^^^^^^^^^^^^^^^^^^^^^^^^^^
..\..\..\..\AppData\Local\Programs\Python\Python313\Lib\asyncio\windows_events.py:804: in _poll
    value = callback(transferred, key, ov)
            ^^^^^^^^^^^^^^^^^^^^^^^^^^^^^^
..\..\..\..\AppData\Local\Programs\Python\Python313\Lib\asyncio\windows_events.py:600: in finish_connect
    ov.getresult()
E   ConnectionRefusedError: [WinError 1225] Uzaktaki bilgisayar að baðlantýsýný reddetti
_________ ERROR at setup of TestAdminPromoCRUD.test_create_auto_code __________
..\..\..\..\AppData\Local\Programs\Python\Python313\Lib\site-packages\pytest_asyncio\plugin.py:458: in setup
    return super().setup()
           ^^^^^^^^^^^^^^^
..\..\..\..\AppData\Local\Programs\Python\Python313\Lib\site-packages\pytest_asyncio\plugin.py:313: in _asyncgen_fixture_wrapper
    result = runner.run(setup(), context=context)
             ^^^^^^^^^^^^^^^^^^^^^^^^^^^^^^^^^^^^
..\..\..\..\AppData\Local\Programs\Python\Python313\Lib\asyncio\runners.py:118: in run
    return self._loop.run_until_complete(task)
           ^^^^^^^^^^^^^^^^^^^^^^^^^^^^^^^^^^^
..\..\..\..\AppData\Local\Programs\Python\Python313\Lib\asyncio\base_events.py:725: in run_until_complete
    return future.result()
           ^^^^^^^^^^^^^^^
..\..\..\..\AppData\Local\Programs\Python\Python313\Lib\site-packages\pytest_asyncio\plugin.py:309: in setup
    res = await gen_obj.__anext__()
          ^^^^^^^^^^^^^^^^^^^^^^^^^
tests\conftest.py:37: in test_engine
    async with engine.begin() as conn:
               ^^^^^^^^^^^^^^
..\..\..\..\AppData\Local\Programs\Python\Python313\Lib\contextlib.py:214: in __aenter__
    return await anext(self.gen)
           ^^^^^^^^^^^^^^^^^^^^^
..\..\..\..\AppData\Local\Programs\Python\Python313\Lib\site-packages\sqlalchemy\ext\asyncio\engine.py:1068: in begin
    async with conn:
               ^^^^
..\..\..\..\AppData\Local\Programs\Python\Python313\Lib\site-packages\sqlalchemy\ext\asyncio\base.py:121: in __aenter__
    return await self.start(is_ctxmanager=True)
           ^^^^^^^^^^^^^^^^^^^^^^^^^^^^^^^^^^^^
..\..\..\..\AppData\Local\Programs\Python\Python313\Lib\site-packages\sqlalchemy\ext\asyncio\engine.py:275: in start
    await greenlet_spawn(self.sync_engine.connect)
..\..\..\..\AppData\Local\Programs\Python\Python313\Lib\site-packages\sqlalchemy\util\_concurrency_py3k.py:201: in greenlet_spawn
    result = context.throw(*sys.exc_info())
             ^^^^^^^^^^^^^^^^^^^^^^^^^^^^^^
..\..\..\..\AppData\Local\Programs\Python\Python313\Lib\site-packages\sqlalchemy\engine\base.py:3285: in connect
    return self._connection_cls(self)
           ^^^^^^^^^^^^^^^^^^^^^^^^^^
..\..\..\..\AppData\Local\Programs\Python\Python313\Lib\site-packages\sqlalchemy\engine\base.py:143: in __init__
    self._dbapi_connection = engine.raw_connection()
                             ^^^^^^^^^^^^^^^^^^^^^^^
..\..\..\..\AppData\Local\Programs\Python\Python313\Lib\site-packages\sqlalchemy\engine\base.py:3309: in raw_connection
    return self.pool.connect()
           ^^^^^^^^^^^^^^^^^^^
..\..\..\..\AppData\Local\Programs\Python\Python313\Lib\site-packages\sqlalchemy\pool\base.py:447: in connect
    return _ConnectionFairy._checkout(self)
           ^^^^^^^^^^^^^^^^^^^^^^^^^^^^^^^^
..\..\..\..\AppData\Local\Programs\Python\Python313\Lib\site-packages\sqlalchemy\pool\base.py:1264: in _checkout
    fairy = _ConnectionRecord.checkout(pool)
            ^^^^^^^^^^^^^^^^^^^^^^^^^^^^^^^^
..\..\..\..\AppData\Local\Programs\Python\Python313\Lib\site-packages\sqlalchemy\pool\base.py:711: in checkout
    rec = pool._do_get()
          ^^^^^^^^^^^^^^
..\..\..\..\AppData\Local\Programs\Python\Python313\Lib\site-packages\sqlalchemy\pool\impl.py:306: in _do_get
    return self._create_connection()
           ^^^^^^^^^^^^^^^^^^^^^^^^^
..\..\..\..\AppData\Local\Programs\Python\Python313\Lib\site-packages\sqlalchemy\pool\base.py:388: in _create_connection
    return _ConnectionRecord(self)
           ^^^^^^^^^^^^^^^^^^^^^^^
..\..\..\..\AppData\Local\Programs\Python\Python313\Lib\site-packages\sqlalchemy\pool\base.py:673: in __init__
    self.__connect()
..\..\..\..\AppData\Local\Programs\Python\Python313\Lib\site-packages\sqlalchemy\pool\base.py:899: in __connect
    with util.safe_reraise():
         ^^^^^^^^^^^^^^^^^^^
..\..\..\..\AppData\Local\Programs\Python\Python313\Lib\site-packages\sqlalchemy\util\langhelpers.py:224: in __exit__
    raise exc_value.with_traceback(exc_tb)
..\..\..\..\AppData\Local\Programs\Python\Python313\Lib\site-packages\sqlalchemy\pool\base.py:895: in __connect
    self.dbapi_connection = connection = pool._invoke_creator(self)
                                         ^^^^^^^^^^^^^^^^^^^^^^^^^^
..\..\..\..\AppData\Local\Programs\Python\Python313\Lib\site-packages\sqlalchemy\engine\create.py:661: in connect
    return dialect.connect(*cargs, **cparams)
           ^^^^^^^^^^^^^^^^^^^^^^^^^^^^^^^^^^
..\..\..\..\AppData\Local\Programs\Python\Python313\Lib\site-packages\sqlalchemy\engine\default.py:630: in connect
    return self.loaded_dbapi.connect(*cargs, **cparams)  # type: ignore[no-any-return]  # NOQA: E501
           ^^^^^^^^^^^^^^^^^^^^^^^^^^^^^^^^^^^^^^^^^^^^
..\..\..\..\AppData\Local\Programs\Python\Python313\Lib\site-packages\sqlalchemy\dialects\postgresql\asyncpg.py:955: in connect
    await_only(creator_fn(*arg, **kw)),
    ^^^^^^^^^^^^^^^^^^^^^^^^^^^^^^^^^^
..\..\..\..\AppData\Local\Programs\Python\Python313\Lib\site-packages\sqlalchemy\util\_concurrency_py3k.py:132: in await_only
    return current.parent.switch(awaitable)  # type: ignore[no-any-return,attr-defined] # noqa: E501
           ^^^^^^^^^^^^^^^^^^^^^^^^^^^^^^^^
..\..\..\..\AppData\Local\Programs\Python\Python313\Lib\site-packages\sqlalchemy\util\_concurrency_py3k.py:196: in greenlet_spawn
    value = await result
            ^^^^^^^^^^^^
..\..\..\..\AppData\Local\Programs\Python\Python313\Lib\site-packages\asyncpg\connection.py:2443: in connect
    return await connect_utils._connect(
..\..\..\..\AppData\Local\Programs\Python\Python313\Lib\site-packages\asyncpg\connect_utils.py:1249: in _connect
    raise last_error or exceptions.TargetServerAttributeNotMatched(
..\..\..\..\AppData\Local\Programs\Python\Python313\Lib\site-packages\asyncpg\connect_utils.py:1218: in _connect
    conn = await _connect_addr(
..\..\..\..\AppData\Local\Programs\Python\Python313\Lib\site-packages\asyncpg\connect_utils.py:1054: in _connect_addr
    return await __connect_addr(params, True, *args)
           ^^^^^^^^^^^^^^^^^^^^^^^^^^^^^^^^^^^^^^^^^
..\..\..\..\AppData\Local\Programs\Python\Python313\Lib\site-packages\asyncpg\connect_utils.py:1099: in __connect_addr
    tr, pr = await connector
             ^^^^^^^^^^^^^^^
..\..\..\..\AppData\Local\Programs\Python\Python313\Lib\site-packages\asyncpg\connect_utils.py:969: in _create_ssl_connection
    tr, pr = await loop.create_connection(
..\..\..\..\AppData\Local\Programs\Python\Python313\Lib\asyncio\base_events.py:1176: in create_connection
    raise exceptions[0]
..\..\..\..\AppData\Local\Programs\Python\Python313\Lib\asyncio\base_events.py:1146: in create_connection
    sock = await self._connect_sock(
..\..\..\..\AppData\Local\Programs\Python\Python313\Lib\asyncio\base_events.py:1045: in _connect_sock
    await self.sock_connect(sock, address)
..\..\..\..\AppData\Local\Programs\Python\Python313\Lib\asyncio\proactor_events.py:728: in sock_connect
    return await self._proactor.connect(sock, address)
           ^^^^^^^^^^^^^^^^^^^^^^^^^^^^^^^^^^^^^^^^^^^
..\..\..\..\AppData\Local\Programs\Python\Python313\Lib\asyncio\windows_events.py:804: in _poll
    value = callback(transferred, key, ov)
            ^^^^^^^^^^^^^^^^^^^^^^^^^^^^^^
..\..\..\..\AppData\Local\Programs\Python\Python313\Lib\asyncio\windows_events.py:600: in finish_connect
    ov.getresult()
E   ConnectionRefusedError: [WinError 1225] Uzaktaki bilgisayar að baðlantýsýný reddetti
____________ ERROR at setup of TestAdminPromoCRUD.test_list_promos ____________
..\..\..\..\AppData\Local\Programs\Python\Python313\Lib\site-packages\pytest_asyncio\plugin.py:458: in setup
    return super().setup()
           ^^^^^^^^^^^^^^^
..\..\..\..\AppData\Local\Programs\Python\Python313\Lib\site-packages\pytest_asyncio\plugin.py:313: in _asyncgen_fixture_wrapper
    result = runner.run(setup(), context=context)
             ^^^^^^^^^^^^^^^^^^^^^^^^^^^^^^^^^^^^
..\..\..\..\AppData\Local\Programs\Python\Python313\Lib\asyncio\runners.py:118: in run
    return self._loop.run_until_complete(task)
           ^^^^^^^^^^^^^^^^^^^^^^^^^^^^^^^^^^^
..\..\..\..\AppData\Local\Programs\Python\Python313\Lib\asyncio\base_events.py:725: in run_until_complete
    return future.result()
           ^^^^^^^^^^^^^^^
..\..\..\..\AppData\Local\Programs\Python\Python313\Lib\site-packages\pytest_asyncio\plugin.py:309: in setup
    res = await gen_obj.__anext__()
          ^^^^^^^^^^^^^^^^^^^^^^^^^
tests\conftest.py:37: in test_engine
    async with engine.begin() as conn:
               ^^^^^^^^^^^^^^
..\..\..\..\AppData\Local\Programs\Python\Python313\Lib\contextlib.py:214: in __aenter__
    return await anext(self.gen)
           ^^^^^^^^^^^^^^^^^^^^^
..\..\..\..\AppData\Local\Programs\Python\Python313\Lib\site-packages\sqlalchemy\ext\asyncio\engine.py:1068: in begin
    async with conn:
               ^^^^
..\..\..\..\AppData\Local\Programs\Python\Python313\Lib\site-packages\sqlalchemy\ext\asyncio\base.py:121: in __aenter__
    return await self.start(is_ctxmanager=True)
           ^^^^^^^^^^^^^^^^^^^^^^^^^^^^^^^^^^^^
..\..\..\..\AppData\Local\Programs\Python\Python313\Lib\site-packages\sqlalchemy\ext\asyncio\engine.py:275: in start
    await greenlet_spawn(self.sync_engine.connect)
..\..\..\..\AppData\Local\Programs\Python\Python313\Lib\site-packages\sqlalchemy\util\_concurrency_py3k.py:201: in greenlet_spawn
    result = context.throw(*sys.exc_info())
             ^^^^^^^^^^^^^^^^^^^^^^^^^^^^^^
..\..\..\..\AppData\Local\Programs\Python\Python313\Lib\site-packages\sqlalchemy\engine\base.py:3285: in connect
    return self._connection_cls(self)
           ^^^^^^^^^^^^^^^^^^^^^^^^^^
..\..\..\..\AppData\Local\Programs\Python\Python313\Lib\site-packages\sqlalchemy\engine\base.py:143: in __init__
    self._dbapi_connection = engine.raw_connection()
                             ^^^^^^^^^^^^^^^^^^^^^^^
..\..\..\..\AppData\Local\Programs\Python\Python313\Lib\site-packages\sqlalchemy\engine\base.py:3309: in raw_connection
    return self.pool.connect()
           ^^^^^^^^^^^^^^^^^^^
..\..\..\..\AppData\Local\Programs\Python\Python313\Lib\site-packages\sqlalchemy\pool\base.py:447: in connect
    return _ConnectionFairy._checkout(self)
           ^^^^^^^^^^^^^^^^^^^^^^^^^^^^^^^^
..\..\..\..\AppData\Local\Programs\Python\Python313\Lib\site-packages\sqlalchemy\pool\base.py:1264: in _checkout
    fairy = _ConnectionRecord.checkout(pool)
            ^^^^^^^^^^^^^^^^^^^^^^^^^^^^^^^^
..\..\..\..\AppData\Local\Programs\Python\Python313\Lib\site-packages\sqlalchemy\pool\base.py:711: in checkout
    rec = pool._do_get()
          ^^^^^^^^^^^^^^
..\..\..\..\AppData\Local\Programs\Python\Python313\Lib\site-packages\sqlalchemy\pool\impl.py:306: in _do_get
    return self._create_connection()
           ^^^^^^^^^^^^^^^^^^^^^^^^^
..\..\..\..\AppData\Local\Programs\Python\Python313\Lib\site-packages\sqlalchemy\pool\base.py:388: in _create_connection
    return _ConnectionRecord(self)
           ^^^^^^^^^^^^^^^^^^^^^^^
..\..\..\..\AppData\Local\Programs\Python\Python313\Lib\site-packages\sqlalchemy\pool\base.py:673: in __init__
    self.__connect()
..\..\..\..\AppData\Local\Programs\Python\Python313\Lib\site-packages\sqlalchemy\pool\base.py:899: in __connect
    with util.safe_reraise():
         ^^^^^^^^^^^^^^^^^^^
..\..\..\..\AppData\Local\Programs\Python\Python313\Lib\site-packages\sqlalchemy\util\langhelpers.py:224: in __exit__
    raise exc_value.with_traceback(exc_tb)
..\..\..\..\AppData\Local\Programs\Python\Python313\Lib\site-packages\sqlalchemy\pool\base.py:895: in __connect
    self.dbapi_connection = connection = pool._invoke_creator(self)
                                         ^^^^^^^^^^^^^^^^^^^^^^^^^^
..\..\..\..\AppData\Local\Programs\Python\Python313\Lib\site-packages\sqlalchemy\engine\create.py:661: in connect
    return dialect.connect(*cargs, **cparams)
           ^^^^^^^^^^^^^^^^^^^^^^^^^^^^^^^^^^
..\..\..\..\AppData\Local\Programs\Python\Python313\Lib\site-packages\sqlalchemy\engine\default.py:630: in connect
    return self.loaded_dbapi.connect(*cargs, **cparams)  # type: ignore[no-any-return]  # NOQA: E501
           ^^^^^^^^^^^^^^^^^^^^^^^^^^^^^^^^^^^^^^^^^^^^
..\..\..\..\AppData\Local\Programs\Python\Python313\Lib\site-packages\sqlalchemy\dialects\postgresql\asyncpg.py:955: in connect
    await_only(creator_fn(*arg, **kw)),
    ^^^^^^^^^^^^^^^^^^^^^^^^^^^^^^^^^^
..\..\..\..\AppData\Local\Programs\Python\Python313\Lib\site-packages\sqlalchemy\util\_concurrency_py3k.py:132: in await_only
    return current.parent.switch(awaitable)  # type: ignore[no-any-return,attr-defined] # noqa: E501
           ^^^^^^^^^^^^^^^^^^^^^^^^^^^^^^^^
..\..\..\..\AppData\Local\Programs\Python\Python313\Lib\site-packages\sqlalchemy\util\_concurrency_py3k.py:196: in greenlet_spawn
    value = await result
            ^^^^^^^^^^^^
..\..\..\..\AppData\Local\Programs\Python\Python313\Lib\site-packages\asyncpg\connection.py:2443: in connect
    return await connect_utils._connect(
..\..\..\..\AppData\Local\Programs\Python\Python313\Lib\site-packages\asyncpg\connect_utils.py:1249: in _connect
    raise last_error or exceptions.TargetServerAttributeNotMatched(
..\..\..\..\AppData\Local\Programs\Python\Python313\Lib\site-packages\asyncpg\connect_utils.py:1218: in _connect
    conn = await _connect_addr(
..\..\..\..\AppData\Local\Programs\Python\Python313\Lib\site-packages\asyncpg\connect_utils.py:1054: in _connect_addr
    return await __connect_addr(params, True, *args)
           ^^^^^^^^^^^^^^^^^^^^^^^^^^^^^^^^^^^^^^^^^
..\..\..\..\AppData\Local\Programs\Python\Python313\Lib\site-packages\asyncpg\connect_utils.py:1099: in __connect_addr
    tr, pr = await connector
             ^^^^^^^^^^^^^^^
..\..\..\..\AppData\Local\Programs\Python\Python313\Lib\site-packages\asyncpg\connect_utils.py:969: in _create_ssl_connection
    tr, pr = await loop.create_connection(
..\..\..\..\AppData\Local\Programs\Python\Python313\Lib\asyncio\base_events.py:1176: in create_connection
    raise exceptions[0]
..\..\..\..\AppData\Local\Programs\Python\Python313\Lib\asyncio\base_events.py:1146: in create_connection
    sock = await self._connect_sock(
..\..\..\..\AppData\Local\Programs\Python\Python313\Lib\asyncio\base_events.py:1045: in _connect_sock
    await self.sock_connect(sock, address)
..\..\..\..\AppData\Local\Programs\Python\Python313\Lib\asyncio\proactor_events.py:728: in sock_connect
    return await self._proactor.connect(sock, address)
           ^^^^^^^^^^^^^^^^^^^^^^^^^^^^^^^^^^^^^^^^^^^
..\..\..\..\AppData\Local\Programs\Python\Python313\Lib\asyncio\windows_events.py:804: in _poll
    value = callback(transferred, key, ov)
            ^^^^^^^^^^^^^^^^^^^^^^^^^^^^^^
..\..\..\..\AppData\Local\Programs\Python\Python313\Lib\asyncio\windows_events.py:600: in finish_connect
    ov.getresult()
E   ConnectionRefusedError: [WinError 1225] Uzaktaki bilgisayar að baðlantýsýný reddetti
______ ERROR at setup of TestAdminPromoCRUD.test_duplicate_code_conflict ______
..\..\..\..\AppData\Local\Programs\Python\Python313\Lib\site-packages\pytest_asyncio\plugin.py:458: in setup
    return super().setup()
           ^^^^^^^^^^^^^^^
..\..\..\..\AppData\Local\Programs\Python\Python313\Lib\site-packages\pytest_asyncio\plugin.py:313: in _asyncgen_fixture_wrapper
    result = runner.run(setup(), context=context)
             ^^^^^^^^^^^^^^^^^^^^^^^^^^^^^^^^^^^^
..\..\..\..\AppData\Local\Programs\Python\Python313\Lib\asyncio\runners.py:118: in run
    return self._loop.run_until_complete(task)
           ^^^^^^^^^^^^^^^^^^^^^^^^^^^^^^^^^^^
..\..\..\..\AppData\Local\Programs\Python\Python313\Lib\asyncio\base_events.py:725: in run_until_complete
    return future.result()
           ^^^^^^^^^^^^^^^
..\..\..\..\AppData\Local\Programs\Python\Python313\Lib\site-packages\pytest_asyncio\plugin.py:309: in setup
    res = await gen_obj.__anext__()
          ^^^^^^^^^^^^^^^^^^^^^^^^^
tests\conftest.py:37: in test_engine
    async with engine.begin() as conn:
               ^^^^^^^^^^^^^^
..\..\..\..\AppData\Local\Programs\Python\Python313\Lib\contextlib.py:214: in __aenter__
    return await anext(self.gen)
           ^^^^^^^^^^^^^^^^^^^^^
..\..\..\..\AppData\Local\Programs\Python\Python313\Lib\site-packages\sqlalchemy\ext\asyncio\engine.py:1068: in begin
    async with conn:
               ^^^^
..\..\..\..\AppData\Local\Programs\Python\Python313\Lib\site-packages\sqlalchemy\ext\asyncio\base.py:121: in __aenter__
    return await self.start(is_ctxmanager=True)
           ^^^^^^^^^^^^^^^^^^^^^^^^^^^^^^^^^^^^
..\..\..\..\AppData\Local\Programs\Python\Python313\Lib\site-packages\sqlalchemy\ext\asyncio\engine.py:275: in start
    await greenlet_spawn(self.sync_engine.connect)
..\..\..\..\AppData\Local\Programs\Python\Python313\Lib\site-packages\sqlalchemy\util\_concurrency_py3k.py:201: in greenlet_spawn
    result = context.throw(*sys.exc_info())
             ^^^^^^^^^^^^^^^^^^^^^^^^^^^^^^
..\..\..\..\AppData\Local\Programs\Python\Python313\Lib\site-packages\sqlalchemy\engine\base.py:3285: in connect
    return self._connection_cls(self)
           ^^^^^^^^^^^^^^^^^^^^^^^^^^
..\..\..\..\AppData\Local\Programs\Python\Python313\Lib\site-packages\sqlalchemy\engine\base.py:143: in __init__
    self._dbapi_connection = engine.raw_connection()
                             ^^^^^^^^^^^^^^^^^^^^^^^
..\..\..\..\AppData\Local\Programs\Python\Python313\Lib\site-packages\sqlalchemy\engine\base.py:3309: in raw_connection
    return self.pool.connect()
           ^^^^^^^^^^^^^^^^^^^
..\..\..\..\AppData\Local\Programs\Python\Python313\Lib\site-packages\sqlalchemy\pool\base.py:447: in connect
    return _ConnectionFairy._checkout(self)
           ^^^^^^^^^^^^^^^^^^^^^^^^^^^^^^^^
..\..\..\..\AppData\Local\Programs\Python\Python313\Lib\site-packages\sqlalchemy\pool\base.py:1264: in _checkout
    fairy = _ConnectionRecord.checkout(pool)
            ^^^^^^^^^^^^^^^^^^^^^^^^^^^^^^^^
..\..\..\..\AppData\Local\Programs\Python\Python313\Lib\site-packages\sqlalchemy\pool\base.py:711: in checkout
    rec = pool._do_get()
          ^^^^^^^^^^^^^^
..\..\..\..\AppData\Local\Programs\Python\Python313\Lib\site-packages\sqlalchemy\pool\impl.py:306: in _do_get
    return self._create_connection()
           ^^^^^^^^^^^^^^^^^^^^^^^^^
..\..\..\..\AppData\Local\Programs\Python\Python313\Lib\site-packages\sqlalchemy\pool\base.py:388: in _create_connection
    return _ConnectionRecord(self)
           ^^^^^^^^^^^^^^^^^^^^^^^
..\..\..\..\AppData\Local\Programs\Python\Python313\Lib\site-packages\sqlalchemy\pool\base.py:673: in __init__
    self.__connect()
..\..\..\..\AppData\Local\Programs\Python\Python313\Lib\site-packages\sqlalchemy\pool\base.py:899: in __connect
    with util.safe_reraise():
         ^^^^^^^^^^^^^^^^^^^
..\..\..\..\AppData\Local\Programs\Python\Python313\Lib\site-packages\sqlalchemy\util\langhelpers.py:224: in __exit__
    raise exc_value.with_traceback(exc_tb)
..\..\..\..\AppData\Local\Programs\Python\Python313\Lib\site-packages\sqlalchemy\pool\base.py:895: in __connect
    self.dbapi_connection = connection = pool._invoke_creator(self)
                                         ^^^^^^^^^^^^^^^^^^^^^^^^^^
..\..\..\..\AppData\Local\Programs\Python\Python313\Lib\site-packages\sqlalchemy\engine\create.py:661: in connect
    return dialect.connect(*cargs, **cparams)
           ^^^^^^^^^^^^^^^^^^^^^^^^^^^^^^^^^^
..\..\..\..\AppData\Local\Programs\Python\Python313\Lib\site-packages\sqlalchemy\engine\default.py:630: in connect
    return self.loaded_dbapi.connect(*cargs, **cparams)  # type: ignore[no-any-return]  # NOQA: E501
           ^^^^^^^^^^^^^^^^^^^^^^^^^^^^^^^^^^^^^^^^^^^^
..\..\..\..\AppData\Local\Programs\Python\Python313\Lib\site-packages\sqlalchemy\dialects\postgresql\asyncpg.py:955: in connect
    await_only(creator_fn(*arg, **kw)),
    ^^^^^^^^^^^^^^^^^^^^^^^^^^^^^^^^^^
..\..\..\..\AppData\Local\Programs\Python\Python313\Lib\site-packages\sqlalchemy\util\_concurrency_py3k.py:132: in await_only
    return current.parent.switch(awaitable)  # type: ignore[no-any-return,attr-defined] # noqa: E501
           ^^^^^^^^^^^^^^^^^^^^^^^^^^^^^^^^
..\..\..\..\AppData\Local\Programs\Python\Python313\Lib\site-packages\sqlalchemy\util\_concurrency_py3k.py:196: in greenlet_spawn
    value = await result
            ^^^^^^^^^^^^
..\..\..\..\AppData\Local\Programs\Python\Python313\Lib\site-packages\asyncpg\connection.py:2443: in connect
    return await connect_utils._connect(
..\..\..\..\AppData\Local\Programs\Python\Python313\Lib\site-packages\asyncpg\connect_utils.py:1249: in _connect
    raise last_error or exceptions.TargetServerAttributeNotMatched(
..\..\..\..\AppData\Local\Programs\Python\Python313\Lib\site-packages\asyncpg\connect_utils.py:1218: in _connect
    conn = await _connect_addr(
..\..\..\..\AppData\Local\Programs\Python\Python313\Lib\site-packages\asyncpg\connect_utils.py:1054: in _connect_addr
    return await __connect_addr(params, True, *args)
           ^^^^^^^^^^^^^^^^^^^^^^^^^^^^^^^^^^^^^^^^^
..\..\..\..\AppData\Local\Programs\Python\Python313\Lib\site-packages\asyncpg\connect_utils.py:1099: in __connect_addr
    tr, pr = await connector
             ^^^^^^^^^^^^^^^
..\..\..\..\AppData\Local\Programs\Python\Python313\Lib\site-packages\asyncpg\connect_utils.py:969: in _create_ssl_connection
    tr, pr = await loop.create_connection(
..\..\..\..\AppData\Local\Programs\Python\Python313\Lib\asyncio\base_events.py:1176: in create_connection
    raise exceptions[0]
..\..\..\..\AppData\Local\Programs\Python\Python313\Lib\asyncio\base_events.py:1146: in create_connection
    sock = await self._connect_sock(
..\..\..\..\AppData\Local\Programs\Python\Python313\Lib\asyncio\base_events.py:1045: in _connect_sock
    await self.sock_connect(sock, address)
..\..\..\..\AppData\Local\Programs\Python\Python313\Lib\asyncio\proactor_events.py:728: in sock_connect
    return await self._proactor.connect(sock, address)
           ^^^^^^^^^^^^^^^^^^^^^^^^^^^^^^^^^^^^^^^^^^^
..\..\..\..\AppData\Local\Programs\Python\Python313\Lib\asyncio\windows_events.py:804: in _poll
    value = callback(transferred, key, ov)
            ^^^^^^^^^^^^^^^^^^^^^^^^^^^^^^
..\..\..\..\AppData\Local\Programs\Python\Python313\Lib\asyncio\windows_events.py:600: in finish_connect
    ov.getresult()
E   ConnectionRefusedError: [WinError 1225] Uzaktaki bilgisayar að baðlantýsýný reddetti
____________ ERROR at setup of TestAdminPromoCRUD.test_soft_delete ____________
..\..\..\..\AppData\Local\Programs\Python\Python313\Lib\site-packages\pytest_asyncio\plugin.py:458: in setup
    return super().setup()
           ^^^^^^^^^^^^^^^
..\..\..\..\AppData\Local\Programs\Python\Python313\Lib\site-packages\pytest_asyncio\plugin.py:313: in _asyncgen_fixture_wrapper
    result = runner.run(setup(), context=context)
             ^^^^^^^^^^^^^^^^^^^^^^^^^^^^^^^^^^^^
..\..\..\..\AppData\Local\Programs\Python\Python313\Lib\asyncio\runners.py:118: in run
    return self._loop.run_until_complete(task)
           ^^^^^^^^^^^^^^^^^^^^^^^^^^^^^^^^^^^
..\..\..\..\AppData\Local\Programs\Python\Python313\Lib\asyncio\base_events.py:725: in run_until_complete
    return future.result()
           ^^^^^^^^^^^^^^^
..\..\..\..\AppData\Local\Programs\Python\Python313\Lib\site-packages\pytest_asyncio\plugin.py:309: in setup
    res = await gen_obj.__anext__()
          ^^^^^^^^^^^^^^^^^^^^^^^^^
tests\conftest.py:37: in test_engine
    async with engine.begin() as conn:
               ^^^^^^^^^^^^^^
..\..\..\..\AppData\Local\Programs\Python\Python313\Lib\contextlib.py:214: in __aenter__
    return await anext(self.gen)
           ^^^^^^^^^^^^^^^^^^^^^
..\..\..\..\AppData\Local\Programs\Python\Python313\Lib\site-packages\sqlalchemy\ext\asyncio\engine.py:1068: in begin
    async with conn:
               ^^^^
..\..\..\..\AppData\Local\Programs\Python\Python313\Lib\site-packages\sqlalchemy\ext\asyncio\base.py:121: in __aenter__
    return await self.start(is_ctxmanager=True)
           ^^^^^^^^^^^^^^^^^^^^^^^^^^^^^^^^^^^^
..\..\..\..\AppData\Local\Programs\Python\Python313\Lib\site-packages\sqlalchemy\ext\asyncio\engine.py:275: in start
    await greenlet_spawn(self.sync_engine.connect)
..\..\..\..\AppData\Local\Programs\Python\Python313\Lib\site-packages\sqlalchemy\util\_concurrency_py3k.py:201: in greenlet_spawn
    result = context.throw(*sys.exc_info())
             ^^^^^^^^^^^^^^^^^^^^^^^^^^^^^^
..\..\..\..\AppData\Local\Programs\Python\Python313\Lib\site-packages\sqlalchemy\engine\base.py:3285: in connect
    return self._connection_cls(self)
           ^^^^^^^^^^^^^^^^^^^^^^^^^^
..\..\..\..\AppData\Local\Programs\Python\Python313\Lib\site-packages\sqlalchemy\engine\base.py:143: in __init__
    self._dbapi_connection = engine.raw_connection()
                             ^^^^^^^^^^^^^^^^^^^^^^^
..\..\..\..\AppData\Local\Programs\Python\Python313\Lib\site-packages\sqlalchemy\engine\base.py:3309: in raw_connection
    return self.pool.connect()
           ^^^^^^^^^^^^^^^^^^^
..\..\..\..\AppData\Local\Programs\Python\Python313\Lib\site-packages\sqlalchemy\pool\base.py:447: in connect
    return _ConnectionFairy._checkout(self)
           ^^^^^^^^^^^^^^^^^^^^^^^^^^^^^^^^
..\..\..\..\AppData\Local\Programs\Python\Python313\Lib\site-packages\sqlalchemy\pool\base.py:1264: in _checkout
    fairy = _ConnectionRecord.checkout(pool)
            ^^^^^^^^^^^^^^^^^^^^^^^^^^^^^^^^
..\..\..\..\AppData\Local\Programs\Python\Python313\Lib\site-packages\sqlalchemy\pool\base.py:711: in checkout
    rec = pool._do_get()
          ^^^^^^^^^^^^^^
..\..\..\..\AppData\Local\Programs\Python\Python313\Lib\site-packages\sqlalchemy\pool\impl.py:306: in _do_get
    return self._create_connection()
           ^^^^^^^^^^^^^^^^^^^^^^^^^
..\..\..\..\AppData\Local\Programs\Python\Python313\Lib\site-packages\sqlalchemy\pool\base.py:388: in _create_connection
    return _ConnectionRecord(self)
           ^^^^^^^^^^^^^^^^^^^^^^^
..\..\..\..\AppData\Local\Programs\Python\Python313\Lib\site-packages\sqlalchemy\pool\base.py:673: in __init__
    self.__connect()
..\..\..\..\AppData\Local\Programs\Python\Python313\Lib\site-packages\sqlalchemy\pool\base.py:899: in __connect
    with util.safe_reraise():
         ^^^^^^^^^^^^^^^^^^^
..\..\..\..\AppData\Local\Programs\Python\Python313\Lib\site-packages\sqlalchemy\util\langhelpers.py:224: in __exit__
    raise exc_value.with_traceback(exc_tb)
..\..\..\..\AppData\Local\Programs\Python\Python313\Lib\site-packages\sqlalchemy\pool\base.py:895: in __connect
    self.dbapi_connection = connection = pool._invoke_creator(self)
                                         ^^^^^^^^^^^^^^^^^^^^^^^^^^
..\..\..\..\AppData\Local\Programs\Python\Python313\Lib\site-packages\sqlalchemy\engine\create.py:661: in connect
    return dialect.connect(*cargs, **cparams)
           ^^^^^^^^^^^^^^^^^^^^^^^^^^^^^^^^^^
..\..\..\..\AppData\Local\Programs\Python\Python313\Lib\site-packages\sqlalchemy\engine\default.py:630: in connect
    return self.loaded_dbapi.connect(*cargs, **cparams)  # type: ignore[no-any-return]  # NOQA: E501
           ^^^^^^^^^^^^^^^^^^^^^^^^^^^^^^^^^^^^^^^^^^^^
..\..\..\..\AppData\Local\Programs\Python\Python313\Lib\site-packages\sqlalchemy\dialects\postgresql\asyncpg.py:955: in connect
    await_only(creator_fn(*arg, **kw)),
    ^^^^^^^^^^^^^^^^^^^^^^^^^^^^^^^^^^
..\..\..\..\AppData\Local\Programs\Python\Python313\Lib\site-packages\sqlalchemy\util\_concurrency_py3k.py:132: in await_only
    return current.parent.switch(awaitable)  # type: ignore[no-any-return,attr-defined] # noqa: E501
           ^^^^^^^^^^^^^^^^^^^^^^^^^^^^^^^^
..\..\..\..\AppData\Local\Programs\Python\Python313\Lib\site-packages\sqlalchemy\util\_concurrency_py3k.py:196: in greenlet_spawn
    value = await result
            ^^^^^^^^^^^^
..\..\..\..\AppData\Local\Programs\Python\Python313\Lib\site-packages\asyncpg\connection.py:2443: in connect
    return await connect_utils._connect(
..\..\..\..\AppData\Local\Programs\Python\Python313\Lib\site-packages\asyncpg\connect_utils.py:1249: in _connect
    raise last_error or exceptions.TargetServerAttributeNotMatched(
..\..\..\..\AppData\Local\Programs\Python\Python313\Lib\site-packages\asyncpg\connect_utils.py:1218: in _connect
    conn = await _connect_addr(
..\..\..\..\AppData\Local\Programs\Python\Python313\Lib\site-packages\asyncpg\connect_utils.py:1054: in _connect_addr
    return await __connect_addr(params, True, *args)
           ^^^^^^^^^^^^^^^^^^^^^^^^^^^^^^^^^^^^^^^^^
..\..\..\..\AppData\Local\Programs\Python\Python313\Lib\site-packages\asyncpg\connect_utils.py:1099: in __connect_addr
    tr, pr = await connector
             ^^^^^^^^^^^^^^^
..\..\..\..\AppData\Local\Programs\Python\Python313\Lib\site-packages\asyncpg\connect_utils.py:969: in _create_ssl_connection
    tr, pr = await loop.create_connection(
..\..\..\..\AppData\Local\Programs\Python\Python313\Lib\asyncio\base_events.py:1176: in create_connection
    raise exceptions[0]
..\..\..\..\AppData\Local\Programs\Python\Python313\Lib\asyncio\base_events.py:1146: in create_connection
    sock = await self._connect_sock(
..\..\..\..\AppData\Local\Programs\Python\Python313\Lib\asyncio\base_events.py:1045: in _connect_sock
    await self.sock_connect(sock, address)
..\..\..\..\AppData\Local\Programs\Python\Python313\Lib\asyncio\proactor_events.py:728: in sock_connect
    return await self._proactor.connect(sock, address)
           ^^^^^^^^^^^^^^^^^^^^^^^^^^^^^^^^^^^^^^^^^^^
..\..\..\..\AppData\Local\Programs\Python\Python313\Lib\asyncio\windows_events.py:804: in _poll
    value = callback(transferred, key, ov)
            ^^^^^^^^^^^^^^^^^^^^^^^^^^^^^^
..\..\..\..\AppData\Local\Programs\Python\Python313\Lib\asyncio\windows_events.py:600: in finish_connect
    ov.getresult()
E   ConnectionRefusedError: [WinError 1225] Uzaktaki bilgisayar að baðlantýsýný reddetti
________ ERROR at setup of TestAdminPromoCRUD.test_unauthorized_access ________
..\..\..\..\AppData\Local\Programs\Python\Python313\Lib\site-packages\pytest_asyncio\plugin.py:458: in setup
    return super().setup()
           ^^^^^^^^^^^^^^^
..\..\..\..\AppData\Local\Programs\Python\Python313\Lib\site-packages\pytest_asyncio\plugin.py:313: in _asyncgen_fixture_wrapper
    result = runner.run(setup(), context=context)
             ^^^^^^^^^^^^^^^^^^^^^^^^^^^^^^^^^^^^
..\..\..\..\AppData\Local\Programs\Python\Python313\Lib\asyncio\runners.py:118: in run
    return self._loop.run_until_complete(task)
           ^^^^^^^^^^^^^^^^^^^^^^^^^^^^^^^^^^^
..\..\..\..\AppData\Local\Programs\Python\Python313\Lib\asyncio\base_events.py:725: in run_until_complete
    return future.result()
           ^^^^^^^^^^^^^^^
..\..\..\..\AppData\Local\Programs\Python\Python313\Lib\site-packages\pytest_asyncio\plugin.py:309: in setup
    res = await gen_obj.__anext__()
          ^^^^^^^^^^^^^^^^^^^^^^^^^
tests\conftest.py:37: in test_engine
    async with engine.begin() as conn:
               ^^^^^^^^^^^^^^
..\..\..\..\AppData\Local\Programs\Python\Python313\Lib\contextlib.py:214: in __aenter__
    return await anext(self.gen)
           ^^^^^^^^^^^^^^^^^^^^^
..\..\..\..\AppData\Local\Programs\Python\Python313\Lib\site-packages\sqlalchemy\ext\asyncio\engine.py:1068: in begin
    async with conn:
               ^^^^
..\..\..\..\AppData\Local\Programs\Python\Python313\Lib\site-packages\sqlalchemy\ext\asyncio\base.py:121: in __aenter__
    return await self.start(is_ctxmanager=True)
           ^^^^^^^^^^^^^^^^^^^^^^^^^^^^^^^^^^^^
..\..\..\..\AppData\Local\Programs\Python\Python313\Lib\site-packages\sqlalchemy\ext\asyncio\engine.py:275: in start
    await greenlet_spawn(self.sync_engine.connect)
..\..\..\..\AppData\Local\Programs\Python\Python313\Lib\site-packages\sqlalchemy\util\_concurrency_py3k.py:201: in greenlet_spawn
    result = context.throw(*sys.exc_info())
             ^^^^^^^^^^^^^^^^^^^^^^^^^^^^^^
..\..\..\..\AppData\Local\Programs\Python\Python313\Lib\site-packages\sqlalchemy\engine\base.py:3285: in connect
    return self._connection_cls(self)
           ^^^^^^^^^^^^^^^^^^^^^^^^^^
..\..\..\..\AppData\Local\Programs\Python\Python313\Lib\site-packages\sqlalchemy\engine\base.py:143: in __init__
    self._dbapi_connection = engine.raw_connection()
                             ^^^^^^^^^^^^^^^^^^^^^^^
..\..\..\..\AppData\Local\Programs\Python\Python313\Lib\site-packages\sqlalchemy\engine\base.py:3309: in raw_connection
    return self.pool.connect()
           ^^^^^^^^^^^^^^^^^^^
..\..\..\..\AppData\Local\Programs\Python\Python313\Lib\site-packages\sqlalchemy\pool\base.py:447: in connect
    return _ConnectionFairy._checkout(self)
           ^^^^^^^^^^^^^^^^^^^^^^^^^^^^^^^^
..\..\..\..\AppData\Local\Programs\Python\Python313\Lib\site-packages\sqlalchemy\pool\base.py:1264: in _checkout
    fairy = _ConnectionRecord.checkout(pool)
            ^^^^^^^^^^^^^^^^^^^^^^^^^^^^^^^^
..\..\..\..\AppData\Local\Programs\Python\Python313\Lib\site-packages\sqlalchemy\pool\base.py:711: in checkout
    rec = pool._do_get()
          ^^^^^^^^^^^^^^
..\..\..\..\AppData\Local\Programs\Python\Python313\Lib\site-packages\sqlalchemy\pool\impl.py:306: in _do_get
    return self._create_connection()
           ^^^^^^^^^^^^^^^^^^^^^^^^^
..\..\..\..\AppData\Local\Programs\Python\Python313\Lib\site-packages\sqlalchemy\pool\base.py:388: in _create_connection
    return _ConnectionRecord(self)
           ^^^^^^^^^^^^^^^^^^^^^^^
..\..\..\..\AppData\Local\Programs\Python\Python313\Lib\site-packages\sqlalchemy\pool\base.py:673: in __init__
    self.__connect()
..\..\..\..\AppData\Local\Programs\Python\Python313\Lib\site-packages\sqlalchemy\pool\base.py:899: in __connect
    with util.safe_reraise():
         ^^^^^^^^^^^^^^^^^^^
..\..\..\..\AppData\Local\Programs\Python\Python313\Lib\site-packages\sqlalchemy\util\langhelpers.py:224: in __exit__
    raise exc_value.with_traceback(exc_tb)
..\..\..\..\AppData\Local\Programs\Python\Python313\Lib\site-packages\sqlalchemy\pool\base.py:895: in __connect
    self.dbapi_connection = connection = pool._invoke_creator(self)
                                         ^^^^^^^^^^^^^^^^^^^^^^^^^^
..\..\..\..\AppData\Local\Programs\Python\Python313\Lib\site-packages\sqlalchemy\engine\create.py:661: in connect
    return dialect.connect(*cargs, **cparams)
           ^^^^^^^^^^^^^^^^^^^^^^^^^^^^^^^^^^
..\..\..\..\AppData\Local\Programs\Python\Python313\Lib\site-packages\sqlalchemy\engine\default.py:630: in connect
    return self.loaded_dbapi.connect(*cargs, **cparams)  # type: ignore[no-any-return]  # NOQA: E501
           ^^^^^^^^^^^^^^^^^^^^^^^^^^^^^^^^^^^^^^^^^^^^
..\..\..\..\AppData\Local\Programs\Python\Python313\Lib\site-packages\sqlalchemy\dialects\postgresql\asyncpg.py:955: in connect
    await_only(creator_fn(*arg, **kw)),
    ^^^^^^^^^^^^^^^^^^^^^^^^^^^^^^^^^^
..\..\..\..\AppData\Local\Programs\Python\Python313\Lib\site-packages\sqlalchemy\util\_concurrency_py3k.py:132: in await_only
    return current.parent.switch(awaitable)  # type: ignore[no-any-return,attr-defined] # noqa: E501
           ^^^^^^^^^^^^^^^^^^^^^^^^^^^^^^^^
..\..\..\..\AppData\Local\Programs\Python\Python313\Lib\site-packages\sqlalchemy\util\_concurrency_py3k.py:196: in greenlet_spawn
    value = await result
            ^^^^^^^^^^^^
..\..\..\..\AppData\Local\Programs\Python\Python313\Lib\site-packages\asyncpg\connection.py:2443: in connect
    return await connect_utils._connect(
..\..\..\..\AppData\Local\Programs\Python\Python313\Lib\site-packages\asyncpg\connect_utils.py:1249: in _connect
    raise last_error or exceptions.TargetServerAttributeNotMatched(
..\..\..\..\AppData\Local\Programs\Python\Python313\Lib\site-packages\asyncpg\connect_utils.py:1218: in _connect
    conn = await _connect_addr(
..\..\..\..\AppData\Local\Programs\Python\Python313\Lib\site-packages\asyncpg\connect_utils.py:1054: in _connect_addr
    return await __connect_addr(params, True, *args)
           ^^^^^^^^^^^^^^^^^^^^^^^^^^^^^^^^^^^^^^^^^
..\..\..\..\AppData\Local\Programs\Python\Python313\Lib\site-packages\asyncpg\connect_utils.py:1099: in __connect_addr
    tr, pr = await connector
             ^^^^^^^^^^^^^^^
..\..\..\..\AppData\Local\Programs\Python\Python313\Lib\site-packages\asyncpg\connect_utils.py:969: in _create_ssl_connection
    tr, pr = await loop.create_connection(
..\..\..\..\AppData\Local\Programs\Python\Python313\Lib\asyncio\base_events.py:1176: in create_connection
    raise exceptions[0]
..\..\..\..\AppData\Local\Programs\Python\Python313\Lib\asyncio\base_events.py:1146: in create_connection
    sock = await self._connect_sock(
..\..\..\..\AppData\Local\Programs\Python\Python313\Lib\asyncio\base_events.py:1045: in _connect_sock
    await self.sock_connect(sock, address)
..\..\..\..\AppData\Local\Programs\Python\Python313\Lib\asyncio\proactor_events.py:728: in sock_connect
    return await self._proactor.connect(sock, address)
           ^^^^^^^^^^^^^^^^^^^^^^^^^^^^^^^^^^^^^^^^^^^
..\..\..\..\AppData\Local\Programs\Python\Python313\Lib\asyncio\windows_events.py:804: in _poll
    value = callback(transferred, key, ov)
            ^^^^^^^^^^^^^^^^^^^^^^^^^^^^^^
..\..\..\..\AppData\Local\Programs\Python\Python313\Lib\asyncio\windows_events.py:600: in finish_connect
    ov.getresult()
E   ConnectionRefusedError: [WinError 1225] Uzaktaki bilgisayar að baðlantýsýný reddetti
================================== FAILURES ===================================
______ TestIDOREndpointPatterns.test_payment_checkout_uses_verify_helper ______
tests\test_guest_convert_idor.py:150: in test_payment_checkout_uses_verify_helper
    assert "_verify_order_ownership_payment" in source
E   assert '_verify_order_ownership_payment' in '@router.post("/checkout", response_model=CheckoutResponse)\nasync def create_checkout(\n    request: CheckoutRequest,...nd transitions directly to PAID.\n    """\n    return await process_checkout(request, current_user, db, raw_request)\n'
__________ TestConvertGuestSecurity.test_convert_requires_guest_flag __________
tests\test_guest_convert_idor.py:180: in test_convert_requires_guest_flag
    assert "is_guest" in source
E   assert 'is_guest' in '@router.post("/convert-guest", response_model=TokenResponse)\nasync def convert_guest_to_user(\n    body: ConvertGues...est account to a full user account."""\n    return await perform_convert_guest(body, http_request, db, current_user)\n'
________ TestConvertGuestSecurity.test_convert_handles_integrity_error ________
tests\test_guest_convert_idor.py:189: in test_convert_handles_integrity_error
    assert "IntegrityError" in source
E   assert 'IntegrityError' in '@router.post("/convert-guest", response_model=TokenResponse)\nasync def convert_guest_to_user(\n    body: ConvertGues...est account to a full user account."""\n    return await perform_convert_guest(body, http_request, db, current_user)\n'
_________ TestConvertGuestSecurity.test_convert_no_email_enumeration __________
tests\test_guest_convert_idor.py:201: in test_convert_no_email_enumeration
    assert "Lütfen farklý bilgilerle tekrar deneyin" in source
E   assert 'Lütfen farklý bilgilerle tekrar deneyin' in '@router.post("/convert-guest", response_model=TokenResponse)\nasync def convert_guest_to_user(\n    body: ConvertGues...est account to a full user account."""\n    return await perform_convert_guest(body, http_request, db, current_user)\n'
_______ TestConvertGuestSecurity.test_convert_idempotent_for_same_email _______
tests\test_guest_convert_idor.py:210: in test_convert_idempotent_for_same_email
    assert "current_user.email == body.email" in source
E   assert 'current_user.email == body.email' in '@router.post("/convert-guest", response_model=TokenResponse)\nasync def convert_guest_to_user(\n    body: ConvertGues...est account to a full user account."""\n    return await perform_convert_guest(body, http_request, db, current_user)\n'
______ TestConvertGuestSecurity.test_convert_audit_includes_order_count _______
tests\test_guest_convert_idor.py:219: in test_convert_audit_includes_order_count
    assert "orders_preserved" in source
E   assert 'orders_preserved' in '@router.post("/convert-guest", response_model=TokenResponse)\nasync def convert_guest_to_user(\n    body: ConvertGues...est account to a full user account."""\n    return await perform_convert_guest(body, http_request, db, current_user)\n'
_ TestConvertGuestSecurity.test_convert_uses_db_flush_not_commit_before_audit _
tests\test_guest_convert_idor.py:228: in test_convert_uses_db_flush_not_commit_before_audit
    flush_pos = source.index("await db.flush()")
                ^^^^^^^^^^^^^^^^^^^^^^^^^^^^^^^^
E   ValueError: substring not found
______ TestGuestLifecycle.test_register_error_prevents_email_enumeration ______
tests\test_guest_convert_idor.py:326: in test_register_error_prevents_email_enumeration
    assert "Kayýt iþlemi tamamlanamadý" in source
E   assert 'Kayýt iþlemi tamamlanamadý' in '@router.post("/register", response_model=TokenResponse, status_code=status.HTTP_201_CREATED)\nasync def register(body... so that existing orders and trials stay linked.\n    """\n    return await perform_register(body, http_request, db)\n'
_______________________ test_cover_is_portrait_768x1024 _______________________
tests\test_image_dimensions.py:14: in test_cover_is_portrait_768x1024
    assert w == 768 and h == 1024, "Cover (page_index 0) must be portrait 768x1024"
E   AssertionError: Cover (page_index 0) must be portrait 768x1024
E   assert (2048 == 768)
___________________ test_inner_pages_are_landscape_1024x768 ___________________
tests\test_image_dimensions.py:21: in test_inner_pages_are_landscape_1024x768
    assert w == 1024 and h == 768, f"Inner page {page_num} must be landscape 1024x768"
E   AssertionError: Inner page 1 must be landscape 1024x768
E   assert (2048 == 1024)
________________________ test_dimensions_swapped_fails ________________________
tests\test_image_dimensions.py:29: in test_dimensions_swapped_fails
    assert (w0, h0) != (w1, h1)
E   assert (2048, 1448) != (2048, 1448)
_ TestInvoiceIdempotency.test_create_invoice_generates_correct_number_format __
tests\test_invoice.py:98: in test_create_invoice_generates_correct_number_format
    assert "BM-{year}-{serial:06d}" in source
E   assert 'BM-{year}-{serial:06d}' in 'async def _create_invoice_if_not_exists(order: Order, db: AsyncSession) -> None:\n    """Create an invoice record ide...ING",\n        issued_at=now,\n    ).on_conflict_do_nothing(index_elements=["order_id"])\n    await db.execute(stmt)\n'
---------------------------- Captured stdout setup ----------------------------
Using proactor: IocpProactor
----------------------------- Captured log setup ------------------------------
DEBUG    asyncio:proactor_events.py:633 Using proactor: IocpProactor
_______ TestInvoiceIdempotency.test_create_invoice_uses_yearly_sequence _______
tests\test_invoice.py:108: in test_create_invoice_uses_yearly_sequence
    assert "invoice_serial_" in source
E   assert 'invoice_serial_' in 'async def _create_invoice_if_not_exists(order: Order, db: AsyncSession) -> None:\n    """Create an invoice record ide...ING",\n        issued_at=now,\n    ).on_conflict_do_nothing(index_elements=["order_id"])\n    await db.execute(stmt)\n'
---------------------------- Captured stdout setup ----------------------------
Using proactor: IocpProactor
----------------------------- Captured log setup ------------------------------
DEBUG    asyncio:proactor_events.py:633 Using proactor: IocpProactor
_____ TestInvoiceEmailTemplate.test_send_invoice_email_builds_attachment ______
tests\test_invoice_email.py:500: in test_send_invoice_email_builds_attachment
    assert "test@example.com" in msg["To"]
E   AssertionError: assert 'test@example.com' in 'your-email@gmail.com'
---------------------------- Captured stdout call -----------------------------
2026-03-12T06:59:42.932979Z [info     ] Email override active          actual_recipient=your-email@gmail.com original_suffix=example.com
2026-03-12T06:59:42.933368Z [info     ] Invoice email sent             invoice_number=BM-2026-000001 recipient_domain=gmail.com
_______ TestLoginRestoreGracePeriod.test_login_source_has_restore_logic _______
tests\test_membership_system.py:664: in test_login_source_has_restore_logic
    assert "ACCOUNT_RESTORED" in source
E   assert 'ACCOUNT_RESTORED' in '@router.post("/login", response_model=TokenResponse)\nasync def login(body: LoginRequest, http_request: Request, db: ...pending deletion (grace period), login restores it.\n    """\n    return await perform_login(body, http_request, db)\n'
__________________ test_strict_negative_includes_typographic __________________
tests\test_preview_detail_response.py:52: in test_strict_negative_includes_typographic
    assert "typographic" in strict
E   AssertionError: assert 'typographic' in 'text overlay, logo, letters on image, head rotated'
_________________ TestCalculateDiscount.test_percent_discount _________________
tests\test_promo_code_service.py:52: in test_percent_discount
    promo = _make_promo(
tests\test_promo_code_service.py:40: in _make_promo
    object.__setattr__(promo, k, v)
..\..\..\..\AppData\Local\Programs\Python\Python313\Lib\site-packages\sqlalchemy\orm\attributes.py:541: in __set__
    instance_state(instance), instance_dict(instance), value, None
    ^^^^^^^^^^^^^^^^^^^^^^^^
E   AttributeError: 'PromoCode' object has no attribute '_sa_instance_state'
_________________ TestCalculateDiscount.test_amount_discount __________________
tests\test_promo_code_service.py:61: in test_amount_discount
    promo = _make_promo(
tests\test_promo_code_service.py:40: in _make_promo
    object.__setattr__(promo, k, v)
..\..\..\..\AppData\Local\Programs\Python\Python313\Lib\site-packages\sqlalchemy\orm\attributes.py:541: in __set__
    instance_state(instance), instance_dict(instance), value, None
    ^^^^^^^^^^^^^^^^^^^^^^^^
E   AttributeError: 'PromoCode' object has no attribute '_sa_instance_state'
_______________ TestCalculateDiscount.test_percent_with_max_cap _______________
tests\test_promo_code_service.py:70: in test_percent_with_max_cap
    promo = _make_promo(
tests\test_promo_code_service.py:40: in _make_promo
    object.__setattr__(promo, k, v)
..\..\..\..\AppData\Local\Programs\Python\Python313\Lib\site-packages\sqlalchemy\orm\attributes.py:541: in __set__
    instance_state(instance), instance_dict(instance), value, None
    ^^^^^^^^^^^^^^^^^^^^^^^^
E   AttributeError: 'PromoCode' object has no attribute '_sa_instance_state'
_______________ TestCalculateDiscount.test_percent_without_cap ________________
tests\test_promo_code_service.py:80: in test_percent_without_cap
    promo = _make_promo(
tests\test_promo_code_service.py:40: in _make_promo
    object.__setattr__(promo, k, v)
..\..\..\..\AppData\Local\Programs\Python\Python313\Lib\site-packages\sqlalchemy\orm\attributes.py:541: in __set__
    instance_state(instance), instance_dict(instance), value, None
    ^^^^^^^^^^^^^^^^^^^^^^^^
E   AttributeError: 'PromoCode' object has no attribute '_sa_instance_state'
_____________ TestCalculateDiscount.test_amount_exceeds_subtotal ______________
tests\test_promo_code_service.py:89: in test_amount_exceeds_subtotal
    promo = _make_promo(
tests\test_promo_code_service.py:40: in _make_promo
    object.__setattr__(promo, k, v)
..\..\..\..\AppData\Local\Programs\Python\Python313\Lib\site-packages\sqlalchemy\orm\attributes.py:541: in __set__
    instance_state(instance), instance_dict(instance), value, None
    ^^^^^^^^^^^^^^^^^^^^^^^^
E   AttributeError: 'PromoCode' object has no attribute '_sa_instance_state'
___________________ TestCalculateDiscount.test_percent_100 ____________________
tests\test_promo_code_service.py:98: in test_percent_100
    promo = _make_promo(
tests\test_promo_code_service.py:40: in _make_promo
    object.__setattr__(promo, k, v)
..\..\..\..\AppData\Local\Programs\Python\Python313\Lib\site-packages\sqlalchemy\orm\attributes.py:541: in __set__
    instance_state(instance), instance_dict(instance), value, None
    ^^^^^^^^^^^^^^^^^^^^^^^^
E   AttributeError: 'PromoCode' object has no attribute '_sa_instance_state'
__________________ TestCalculateDiscount.test_small_percent ___________________
tests\test_promo_code_service.py:107: in test_small_percent
    promo = _make_promo(
tests\test_promo_code_service.py:40: in _make_promo
    object.__setattr__(promo, k, v)
..\..\..\..\AppData\Local\Programs\Python\Python313\Lib\site-packages\sqlalchemy\orm\attributes.py:541: in __set__
    instance_state(instance), instance_dict(instance), value, None
    ^^^^^^^^^^^^^^^^^^^^^^^^
E   AttributeError: 'PromoCode' object has no attribute '_sa_instance_state'
_____________________ TestCalculateDiscount.test_rounding _____________________
tests\test_promo_code_service.py:116: in test_rounding
    promo = _make_promo(
tests\test_promo_code_service.py:40: in _make_promo
    object.__setattr__(promo, k, v)
..\..\..\..\AppData\Local\Programs\Python\Python313\Lib\site-packages\sqlalchemy\orm\attributes.py:541: in __set__
    instance_state(instance), instance_dict(instance), value, None
    ^^^^^^^^^^^^^^^^^^^^^^^^
E   AttributeError: 'PromoCode' object has no attribute '_sa_instance_state'
___________ TestCalculateDiscount.test_percent_cap_below_calculated ___________
tests\test_promo_code_service.py:125: in test_percent_cap_below_calculated
    promo = _make_promo(
tests\test_promo_code_service.py:40: in _make_promo
    object.__setattr__(promo, k, v)
..\..\..\..\AppData\Local\Programs\Python\Python313\Lib\site-packages\sqlalchemy\orm\attributes.py:541: in __set__
    instance_state(instance), instance_dict(instance), value, None
    ^^^^^^^^^^^^^^^^^^^^^^^^
E   AttributeError: 'PromoCode' object has no attribute '_sa_instance_state'
___________ TestCalculateDiscount.test_percent_cap_above_calculated ___________
tests\test_promo_code_service.py:135: in test_percent_cap_above_calculated
    promo = _make_promo(
tests\test_promo_code_service.py:40: in _make_promo
    object.__setattr__(promo, k, v)
..\..\..\..\AppData\Local\Programs\Python\Python313\Lib\site-packages\sqlalchemy\orm\attributes.py:541: in __set__
    instance_state(instance), instance_dict(instance), value, None
    ^^^^^^^^^^^^^^^^^^^^^^^^
E   AttributeError: 'PromoCode' object has no attribute '_sa_instance_state'
_______________ TestValidatePromoCode.test_invalid_code_raises ________________
tests\test_promo_code_service.py:186: in test_invalid_code_raises
    await validate_promo_code("NONEXIST", Decimal("400"), mock_db)
app\services\promo_code_service.py:75: in validate_promo_code
    raise ValidationError(_GENERIC_ERR)
E   app.core.exceptions.ValidationError: 400: Kupon kodu geçersiz veya kullanýlamýyor

During handling of the above exception, another exception occurred:
tests\test_promo_code_service.py:185: in test_invalid_code_raises
    with pytest.raises(ValidationError, match="Geçersiz kupon kodu"):
         ^^^^^^^^^^^^^^^^^^^^^^^^^^^^^^^^^^^^^^^^^^^^^^^^^^^^^^^^^^^
E   AssertionError: Regex pattern did not match.
E     Expected regex: 'Geçersiz kupon kodu'
E     Actual message: '400: Kupon kodu geçersiz veya kullanýlamýyor'
---------------------------- Captured stdout setup ----------------------------
Using proactor: IocpProactor
----------------------------- Captured log setup ------------------------------
DEBUG    asyncio:proactor_events.py:633 Using proactor: IocpProactor
_______________ TestValidatePromoCode.test_inactive_code_raises _______________
tests\test_promo_code_service.py:191: in test_inactive_code_raises
    promo = _make_promo(is_active=False)
            ^^^^^^^^^^^^^^^^^^^^^^^^^^^^
tests\test_promo_code_service.py:40: in _make_promo
    object.__setattr__(promo, k, v)
..\..\..\..\AppData\Local\Programs\Python\Python313\Lib\site-packages\sqlalchemy\orm\attributes.py:541: in __set__
    instance_state(instance), instance_dict(instance), value, None
    ^^^^^^^^^^^^^^^^^^^^^^^^
E   AttributeError: 'PromoCode' object has no attribute '_sa_instance_state'
---------------------------- Captured stdout setup ----------------------------
Using proactor: IocpProactor
----------------------------- Captured log setup ------------------------------
DEBUG    asyncio:proactor_events.py:633 Using proactor: IocpProactor
_______________ TestValidatePromoCode.test_expired_code_raises ________________
tests\test_promo_code_service.py:205: in test_expired_code_raises
    promo = _make_promo(
tests\test_promo_code_service.py:40: in _make_promo
    object.__setattr__(promo, k, v)
..\..\..\..\AppData\Local\Programs\Python\Python313\Lib\site-packages\sqlalchemy\orm\attributes.py:541: in __set__
    instance_state(instance), instance_dict(instance), value, None
    ^^^^^^^^^^^^^^^^^^^^^^^^
E   AttributeError: 'PromoCode' object has no attribute '_sa_instance_state'
---------------------------- Captured stdout setup ----------------------------
Using proactor: IocpProactor
----------------------------- Captured log setup ------------------------------
DEBUG    asyncio:proactor_events.py:633 Using proactor: IocpProactor
_______________ TestValidatePromoCode.test_not_yet_valid_raises _______________
tests\test_promo_code_service.py:221: in test_not_yet_valid_raises
    promo = _make_promo(
tests\test_promo_code_service.py:40: in _make_promo
    object.__setattr__(promo, k, v)
..\..\..\..\AppData\Local\Programs\Python\Python313\Lib\site-packages\sqlalchemy\orm\attributes.py:541: in __set__
    instance_state(instance), instance_dict(instance), value, None
    ^^^^^^^^^^^^^^^^^^^^^^^^
E   AttributeError: 'PromoCode' object has no attribute '_sa_instance_state'
---------------------------- Captured stdout setup ----------------------------
Using proactor: IocpProactor
----------------------------- Captured log setup ------------------------------
DEBUG    asyncio:proactor_events.py:633 Using proactor: IocpProactor
____________ TestValidatePromoCode.test_usage_limit_reached_raises ____________
tests\test_promo_code_service.py:237: in test_usage_limit_reached_raises
    promo = _make_promo(usage_limit=5, used_count=5)
            ^^^^^^^^^^^^^^^^^^^^^^^^^^^^^^^^^^^^^^^^
tests\test_promo_code_service.py:40: in _make_promo
    object.__setattr__(promo, k, v)
..\..\..\..\AppData\Local\Programs\Python\Python313\Lib\site-packages\sqlalchemy\orm\attributes.py:541: in __set__
    instance_state(instance), instance_dict(instance), value, None
    ^^^^^^^^^^^^^^^^^^^^^^^^
E   AttributeError: 'PromoCode' object has no attribute '_sa_instance_state'
---------------------------- Captured stdout setup ----------------------------
Using proactor: IocpProactor
----------------------------- Captured log setup ------------------------------
DEBUG    asyncio:proactor_events.py:633 Using proactor: IocpProactor
_________ TestValidatePromoCode.test_min_order_amount_not_met_raises __________
tests\test_promo_code_service.py:251: in test_min_order_amount_not_met_raises
    promo = _make_promo(min_order_amount=Decimal("500"))
            ^^^^^^^^^^^^^^^^^^^^^^^^^^^^^^^^^^^^^^^^^^^^
tests\test_promo_code_service.py:40: in _make_promo
    object.__setattr__(promo, k, v)
..\..\..\..\AppData\Local\Programs\Python\Python313\Lib\site-packages\sqlalchemy\orm\attributes.py:541: in __set__
    instance_state(instance), instance_dict(instance), value, None
    ^^^^^^^^^^^^^^^^^^^^^^^^
E   AttributeError: 'PromoCode' object has no attribute '_sa_instance_state'
---------------------------- Captured stdout setup ----------------------------
Using proactor: IocpProactor
----------------------------- Captured log setup ------------------------------
DEBUG    asyncio:proactor_events.py:633 Using proactor: IocpProactor
_____________ TestValidatePromoCode.test_valid_code_returns_promo _____________
tests\test_promo_code_service.py:265: in test_valid_code_returns_promo
    promo = _make_promo(
tests\test_promo_code_service.py:40: in _make_promo
    object.__setattr__(promo, k, v)
..\..\..\..\AppData\Local\Programs\Python\Python313\Lib\site-packages\sqlalchemy\orm\attributes.py:541: in __set__
    instance_state(instance), instance_dict(instance), value, None
    ^^^^^^^^^^^^^^^^^^^^^^^^
E   AttributeError: 'PromoCode' object has no attribute '_sa_instance_state'
---------------------------- Captured stdout setup ----------------------------
Using proactor: IocpProactor
----------------------------- Captured log setup ------------------------------
DEBUG    asyncio:proactor_events.py:633 Using proactor: IocpProactor
____________________ TestBookContext.test_build_with_style ____________________
tests\test_prompt\test_book_context.py:27: in test_build_with_style
    assert ctx.style.true_cfg == 1.2
E   assert 1.3 == 1.2
E    +  where 1.3 = StyleConfig(key='watercolor', anchor='Vivid watercolor storybook painting.', leading_prefix="Art style: Vibrant waterc...lt, beard, mustache, wrinkles, aged, ancient costume, robe, period costume', id_weight=1.4, start_step=0, true_cfg=1.3).true_cfg
E    +    where StyleConfig(key='watercolor', anchor='Vivid watercolor storybook painting.', leading_prefix="Art style: Vibrant waterc...lt, beard, mustache, wrinkles, aged, ancient costume, robe, period costume', id_weight=1.4, start_step=0, true_cfg=1.3) = BookContext(child_name='Ela', child_age=5, child_gender='kýz', style=StyleConfig(key='watercolor', anchor='Vivid water...='', page_count=16, story_title='', scenario_name='', companion_name='', companion_species='', companion_appearance='').style
____________ TestPromptComposer.test_no_face_reference_no_likeness ____________
tests\test_prompt\test_composer.py:63: in test_no_face_reference_no_likeness
    assert "likeness" not in result.prompt.lower() or "reference" not in result.prompt.lower()
E   AssertionError: assert ('likeness' not in 'a 5-year-ol...aracter: ali'
E     
E     'likeness' is contained here:
E     ?           ^^^^
E        critical likeness lock — maximum facial resemblance: preserve every exact facial feature from the reference photo: exact eye shape, exact nose shape, exact mouth shape, exact face shape, exact eyebrow shape. hair: exact hair color (match the reference precisely), exact hairstyle (same cut, same length, same parting, same bangs), exact hair texture (straight/wavy/curly as shown). skin tone: exact skin tone from reference — do not lighten or darken. clothing: exact clothing as specified — same colors, same items. the child's face must be inst...
E     
E     ...Full output truncated (2 lines hidden), use '-vv' to show or 'reference' not in 'a 5-year-ol...aracter: ali'
E     
E     'reference' is contained here:
E        from the reference photo: exact eye shape, exact nose shape, exact mouth shape, exact face shape, exact eyebrow shape. hair: exact hair color (match the reference precisely), exact hairstyle (same cut, same length, same parting, same bangs), exact hair texture (straight/wavy/curly as shown). skin tone: exact skin tone from reference — do not lighten or darken. clothing: exact clothing as specified — same colors, same items. the child's face must be instantly recognizable as the same child from the reference photo. apply watercolor technique only to rende...
E     
E     ...Full output truncated (2 lines hidden), use '-vv' to show)
---------------------------- Captured stdout call -----------------------------
2026-03-12T06:59:49.249738Z [info     ] page_prompt_composed           page_number=1 prompt_length=2040 style=watercolor
________ TestPromptComposer.test_all_styles_produce_different_prompts _________
tests\test_prompt\test_composer.py:78: in test_all_styles_produce_different_prompts
    assert len(prompts) == len(styles), "Her stil farklý prompt üretmeli"
E   AssertionError: Her stil farklý prompt üretmeli
E   assert 1 == 6
E    +  where 1 = len({'A 6-year-old boy named Test with natural hair, wearing red t-shirt, blue denim overalls, and sneakers. A child standing in a meadow. GAZE: The child is looking at the scene (the subject, the view, or '})
E    +  and   6 = len(['default', 'pixar', 'watercolor', 'anime', 'soft_pastel', 'adventure_digital'])
---------------------------- Captured stdout call -----------------------------
2026-03-12T06:59:49.255570Z [info     ] page_prompt_composed           page_number=1 prompt_length=2029 style=default
2026-03-12T06:59:49.255767Z [info     ] page_prompt_composed           page_number=1 prompt_length=2046 style=pixar
2026-03-12T06:59:49.255947Z [info     ] page_prompt_composed           page_number=1 prompt_length=2021 style=watercolor
2026-03-12T06:59:49.256099Z [info     ] page_prompt_composed           page_number=1 prompt_length=2035 style=anime
2026-03-12T06:59:49.256264Z [info     ] page_prompt_composed           page_number=1 prompt_length=2029 style=default
2026-03-12T06:59:49.256431Z [info     ] page_prompt_composed           page_number=1 prompt_length=2029 style=default
___ TestFaceReferenceNegative.test_face_reference_anti_photo_contains_pores ___
tests\test_prompt\test_negative_prompt_builder.py:172: in test_face_reference_anti_photo_contains_pores
    assert "realistic skin texture" in negative
E   assert 'realistic skin texture' in "big eyes, chibi, oversized head, bobblehead, close-up, extreme close-up, portrait, headshot, selfie, face close-up, f...photoshopped face, boy, male child, masculine features, male character, buzz cut, male clothing, boy's outfit, he, him"
__________________ TestSanitize.test_cover_keeps_cover_terms __________________
tests\test_prompt\test_sanitizer.py:61: in test_cover_keeps_cover_terms
    assert "book cover" in result.lower()
E   assert 'book cover' in "children's book"
E    +  where "children's book" = <built-in method lower of str object at 0x0000022A26AC5E70>()
E    +    where <built-in method lower of str object at 0x0000022A26AC5E70> = "Children's book".lower
_ TestAllStylesProduceValidPrompts.test_all_styles_different_prompts[default] _
tests\test_prompt\test_scenario_style_matrix.py:100: in test_all_styles_different_prompts
    assert style_block_fragment in result.prompt, (
E   AssertionError: default stil bloðu prompt'a dahil edilmemiþ
E   assert "Cheerful 2D children's book, h" in 'A 7-year-old boy named Enes with short black hair, wearing red t-shirt and blue jeans. Child standing in a meadow. GA...proportions. Child in frame, natural realistic proportions, no chibi, no caricature. Small naturally proportioned eyes'
E    +  where 'A 7-year-old boy named Enes with short black hair, wearing red t-shirt and blue jeans. Child standing in a meadow. GA...proportions. Child in frame, natural realistic proportions, no chibi, no caricature. Small naturally proportioned eyes' = PromptResult(prompt="A 7-year-old boy named Enes with short black hair, wearing red t-shirt and blue jeans. Child stan...ng, girl, female child', metadata={'style_key': 'default', 'page_number': 1, 'is_cover': False, 'has_face_ref': False}).prompt
---------------------------- Captured stdout call -----------------------------
2026-03-12T06:59:49.295908Z [info     ] page_prompt_composed           page_number=1 prompt_length=2011 style=default
__ TestAllStylesProduceValidPrompts.test_all_styles_different_prompts[pixar] __
tests\test_prompt\test_scenario_style_matrix.py:100: in test_all_styles_different_prompts
    assert style_block_fragment in result.prompt, (
E   AssertionError: pixar stil bloðu prompt'a dahil edilmemiþ
E   assert "Pixar 3D CGI children's book, " in 'A 7-year-old boy named Enes with short black hair, wearing red t-shirt and blue jeans. Child standing in a meadow. GA...character is a boy. Must remain a boy on every single page — no exceptions. CAST LOCK — Only ONE human character: Enes'
E    +  where 'A 7-year-old boy named Enes with short black hair, wearing red t-shirt and blue jeans. Child standing in a meadow. GA...character is a boy. Must remain a boy on every single page — no exceptions. CAST LOCK — Only ONE human character: Enes' = PromptResult(prompt="A 7-year-old boy named Enes with short black hair, wearing red t-shirt and blue jeans. Child stan...hing, girl, female child', metadata={'style_key': 'pixar', 'page_number': 1, 'is_cover': False, 'has_face_ref': False}).prompt
---------------------------- Captured stdout call -----------------------------
2026-03-12T06:59:49.299140Z [info     ] page_prompt_composed           page_number=1 prompt_length=2028 style=pixar
_ TestAllStylesProduceValidPrompts.test_all_styles_different_prompts[watercolor] _
tests\test_prompt\test_scenario_style_matrix.py:100: in test_all_styles_different_prompts
    assert style_block_fragment in result.prompt, (
E   AssertionError: watercolor stil bloðu prompt'a dahil edilmemiþ
E   assert "Vibrant watercolor children's " in 'A 7-year-old boy named Enes with short black hair, wearing red t-shirt and blue jeans. Child standing in a meadow. GA...ly proportioned eyes. GENDER LOCK: The main character is a boy. Must remain a boy on every single page — no exceptions'
E    +  where 'A 7-year-old boy named Enes with short black hair, wearing red t-shirt and blue jeans. Child standing in a meadow. GA...ly proportioned eyes. GENDER LOCK: The main character is a boy. Must remain a boy on every single page — no exceptions' = PromptResult(prompt="A 7-year-old boy named Enes with short black hair, wearing red t-shirt and blue jeans. Child stan... girl, female child', metadata={'style_key': 'watercolor', 'page_number': 1, 'is_cover': False, 'has_face_ref': False}).prompt
---------------------------- Captured stdout call -----------------------------
2026-03-12T06:59:49.301770Z [info     ] page_prompt_composed           page_number=1 prompt_length=2003 style=watercolor
_ TestAllStylesProduceValidPrompts.test_all_styles_different_prompts[soft_pastel] _
tests\test_prompt\test_scenario_style_matrix.py:100: in test_all_styles_different_prompts
    assert style_block_fragment in result.prompt, (
E   AssertionError: soft_pastel stil bloðu prompt'a dahil edilmemiþ
E   assert "Soft pastel children's book, g" in 'A 7-year-old boy named Enes with short black hair, wearing red t-shirt and blue jeans. Child standing in a meadow. GA...s. CAST LOCK — Only ONE human character: Enes. No other children, no extra kids, no background children, no bystanders'
E    +  where 'A 7-year-old boy named Enes with short black hair, wearing red t-shirt and blue jeans. Child standing in a meadow. GA...s. CAST LOCK — Only ONE human character: Enes. No other children, no extra kids, no background children, no bystanders' = PromptResult(prompt="A 7-year-old boy named Enes with short black hair, wearing red t-shirt and blue jeans. Child stan...girl, female child', metadata={'style_key': 'soft_pastel', 'page_number': 1, 'is_cover': False, 'has_face_ref': False}).prompt
---------------------------- Captured stdout call -----------------------------
2026-03-12T06:59:49.304315Z [info     ] page_prompt_composed           page_number=1 prompt_length=1999 style=soft_pastel
__ TestAllStylesProduceValidPrompts.test_all_styles_different_prompts[anime] __
tests\test_prompt\test_scenario_style_matrix.py:100: in test_all_styles_different_prompts
    assert style_block_fragment in result.prompt, (
E   AssertionError: anime stil bloðu prompt'a dahil edilmemiþ
E   assert 'Ghibli anime storybook, cel-sh' in 'A 7-year-old boy named Enes with short black hair, wearing red t-shirt and blue jeans. Child standing in a meadow. GA...boy on every single page — no exceptions. CAST LOCK — Only ONE human character: Enes. No other children, no extra kids'
E    +  where 'A 7-year-old boy named Enes with short black hair, wearing red t-shirt and blue jeans. Child standing in a meadow. GA...boy on every single page — no exceptions. CAST LOCK — Only ONE human character: Enes. No other children, no extra kids' = PromptResult(prompt="A 7-year-old boy named Enes with short black hair, wearing red t-shirt and blue jeans. Child stan...hing, girl, female child', metadata={'style_key': 'anime', 'page_number': 1, 'is_cover': False, 'has_face_ref': False}).prompt
---------------------------- Captured stdout call -----------------------------
2026-03-12T06:59:49.306843Z [info     ] page_prompt_composed           page_number=1 prompt_length=2032 style=anime
___________________ TestPuLIDConfig.test_pixar_start_step_2 ___________________
tests\test_prompt\test_style_config.py:69: in test_pixar_start_step_2
    assert s.start_step == 2
E   assert 0 == 2
E    +  where 0 = StyleConfig(key='pixar', anchor='Pixar-quality 3D CGI animation.', leading_prefix="Art style: Pixar-quality 3D CGI ani...lt, beard, mustache, wrinkles, aged, ancient costume, robe, period costume', id_weight=1.2, start_step=0, true_cfg=1.2).start_step
_________________ TestPuLIDConfig.test_watercolor_higher_cfg __________________
tests\test_prompt\test_style_config.py:77: in test_watercolor_higher_cfg
    assert s.true_cfg == 1.2
E   assert 1.3 == 1.2
E    +  where 1.3 = StyleConfig(key='watercolor', anchor='Vivid watercolor storybook painting.', leading_prefix="Art style: Vibrant waterc...lt, beard, mustache, wrinkles, aged, ancient costume, robe, period costume', id_weight=1.4, start_step=0, true_cfg=1.3).true_cfg
___________________ TestPuLIDConfig.test_anime_highest_cfg ____________________
tests\test_prompt\test_style_config.py:81: in test_anime_highest_cfg
    assert s.true_cfg == 1.5
E   assert 1.1 == 1.5
E    +  where 1.1 = StyleConfig(key='anime', anchor='Studio Ghibli anime cel-shaded.', leading_prefix="Art style: Studio Ghibli anime cel-...lt, beard, mustache, wrinkles, aged, ancient costume, robe, period costume', id_weight=1.1, start_step=0, true_cfg=1.1).true_cfg
_________________ test_scene_only_prompt_has_no_style_tokens __________________
tests\test_style_independence.py:45: in test_scene_only_prompt_has_no_style_tokens
    assert token not in lower, f"Scene-only prompt must not contain '{token}'"
E   AssertionError: Scene-only prompt must not contain '2d'
E   assert '2d' not in 'a 6-year-ol...erence photo'
E     
E     '2d' is contained here:
E       he image. 2d hand-painted storybook. art style: cheerful 2d hand-painted storybook illustration. crisp lineart, natural realistic proportions (not simplified, not distorted), vibrant warm colors (greens, blues, yellows, pinks), soft shading, subtle paper texture, bright light, detailed layered background. critical likeness lock — maximum facial resemblance: preserve every exact facial feature from the reference photo: exact eye shape, exact nose shape, exact mouth shape, exact face shape, exact eyebrow shape. hair: exact hair color (match the reference precisely), exac...
E     
E     ...Full output truncated (2 lines hidden), use '-vv' to show
---------------------------- Captured stdout call -----------------------------
2026-03-12T06:59:49.349738Z [info     ] cover_prompt_composed          negative_length=2633 prompt_length=1972 style=default
_____________________ test_style_injected_only_at_compose _____________________
tests\test_style_independence.py:59: in test_style_injected_only_at_compose
    assert "STYLE:" in prompt
E   AssertionError: assert 'STYLE:' in 'A 6-year-old child named the child with natural hair, wearing yellow t-shirt, blue denim overalls, and pink sneakers....tioned eyes. CAST LOCK — Only ONE human character: the child. No other children, no extra kids, no background children'
---------------------------- Captured stdout call -----------------------------
2026-03-12T06:59:49.353301Z [info     ] page_prompt_composed           page_number=1 prompt_length=2042 style=pixar
________________ test_compose_idempotent_no_double_style_block ________________
tests\test_style_independence.py:91: in test_compose_idempotent_no_double_style_block
    assert composed_once.count("STYLE:") == 1, "First compose should have exactly 1 STYLE:"
E   AssertionError: First compose should have exactly 1 STYLE:
E   assert 0 == 1
E    +  where 0 = <built-in method count of str object at 0x0000022A77719360>('STYLE:')
E    +    where <built-in method count of str object at 0x0000022A77719360> = 'A 6-year-old child named the child with natural hair, wearing yellow t-shirt, blue denim overalls, and pink sneakers..... Small naturally proportioned eyes. CAST LOCK — Only ONE human character: the child. No other children, no extra kids'.count
---------------------------- Captured stdout call -----------------------------
2026-03-12T06:59:49.355668Z [info     ] page_prompt_composed           page_number=1 prompt_length=2044 style=watercolor
__________________ test_compose_strips_old_style_before_new ___________________
tests\test_style_independence.py:112: in test_compose_strips_old_style_before_new
    assert "new-style tokens" in prompt
E   AssertionError: assert 'new-style tokens' in 'A 6-year-old child named the child with natural hair, wearing yellow t-shirt, blue denim overalls, and pink sneakers....exaggerated features, NO distorted proportions. Child in frame, natural realistic proportions, no chibi, no caricature'
---------------------------- Captured stdout call -----------------------------
2026-03-12T06:59:49.357389Z [info     ] page_prompt_composed           page_number=1 prompt_length=2027 style=default
__________ test_style_value_with_style_prefix_produces_single_block ___________
tests\test_style_independence.py:123: in test_style_value_with_style_prefix_produces_single_block
    assert prompt.count("STYLE:") == 1
E   AssertionError: assert 0 == 1
E    +  where 0 = <built-in method count of str object at 0x0000022A77718320>('STYLE:')
E    +    where <built-in method count of str object at 0x0000022A77718320> = 'A 6-year-old child named the child with natural hair, wearing yellow t-shirt, blue denim overalls, and pink sneakers..... Small naturally proportioned eyes. CAST LOCK — Only ONE human character: the child. No other children, no extra kids'.count
---------------------------- Captured stdout call -----------------------------
2026-03-12T06:59:49.359074Z [info     ] page_prompt_composed           page_number=1 prompt_length=2030 style=watercolor
____________________ test_compose_normalizes_and_validates ____________________
tests\test_style_independence.py:157: in test_compose_normalizes_and_validates
    with pytest.raises(VisualPromptValidationError):
         ^^^^^^^^^^^^^^^^^^^^^^^^^^^^^^^^^^^^^^^^^^
E   Failed: DID NOT RAISE <class 'app.prompt_engine.VisualPromptValidationError'>
---------------------------- Captured stdout call -----------------------------
2026-03-12T06:59:49.361537Z [info     ] page_prompt_composed           page_number=1 prompt_length=2032 style=default
2026-03-12T06:59:49.361736Z [info     ] page_prompt_composed           page_number=1 prompt_length=2030 style=default
=========================== short test summary info ===========================
FAILED tests/test_guest_convert_idor.py::TestIDOREndpointPatterns::test_payment_checkout_uses_verify_helper
FAILED tests/test_guest_convert_idor.py::TestConvertGuestSecurity::test_convert_requires_guest_flag
FAILED tests/test_guest_convert_idor.py::TestConvertGuestSecurity::test_convert_handles_integrity_error
FAILED tests/test_guest_convert_idor.py::TestConvertGuestSecurity::test_convert_no_email_enumeration
FAILED tests/test_guest_convert_idor.py::TestConvertGuestSecurity::test_convert_idempotent_for_same_email
FAILED tests/test_guest_convert_idor.py::TestConvertGuestSecurity::test_convert_audit_includes_order_count
FAILED tests/test_guest_convert_idor.py::TestConvertGuestSecurity::test_convert_uses_db_flush_not_commit_before_audit
FAILED tests/test_guest_convert_idor.py::TestGuestLifecycle::test_register_error_prevents_email_enumeration
FAILED tests/test_image_dimensions.py::test_cover_is_portrait_768x1024 - Asse...
FAILED tests/test_image_dimensions.py::test_inner_pages_are_landscape_1024x768
FAILED tests/test_image_dimensions.py::test_dimensions_swapped_fails - assert...
FAILED tests/test_invoice.py::TestInvoiceIdempotency::test_create_invoice_generates_correct_number_format
FAILED tests/test_invoice.py::TestInvoiceIdempotency::test_create_invoice_uses_yearly_sequence
FAILED tests/test_invoice_email.py::TestInvoiceEmailTemplate::test_send_invoice_email_builds_attachment
FAILED tests/test_membership_system.py::TestLoginRestoreGracePeriod::test_login_source_has_restore_logic
FAILED tests/test_preview_detail_response.py::test_strict_negative_includes_typographic
FAILED tests/test_promo_code_service.py::TestCalculateDiscount::test_percent_discount
FAILED tests/test_promo_code_service.py::TestCalculateDiscount::test_amount_discount
FAILED tests/test_promo_code_service.py::TestCalculateDiscount::test_percent_with_max_cap
FAILED tests/test_promo_code_service.py::TestCalculateDiscount::test_percent_without_cap
FAILED tests/test_promo_code_service.py::TestCalculateDiscount::test_amount_exceeds_subtotal
FAILED tests/test_promo_code_service.py::TestCalculateDiscount::test_percent_100
FAILED tests/test_promo_code_service.py::TestCalculateDiscount::test_small_percent
FAILED tests/test_promo_code_service.py::TestCalculateDiscount::test_rounding
FAILED tests/test_promo_code_service.py::TestCalculateDiscount::test_percent_cap_below_calculated
FAILED tests/test_promo_code_service.py::TestCalculateDiscount::test_percent_cap_above_calculated
FAILED tests/test_promo_code_service.py::TestValidatePromoCode::test_invalid_code_raises
FAILED tests/test_promo_code_service.py::TestValidatePromoCode::test_inactive_code_raises
FAILED tests/test_promo_code_service.py::TestValidatePromoCode::test_expired_code_raises
FAILED tests/test_promo_code_service.py::TestValidatePromoCode::test_not_yet_valid_raises
FAILED tests/test_promo_code_service.py::TestValidatePromoCode::test_usage_limit_reached_raises
FAILED tests/test_promo_code_service.py::TestValidatePromoCode::test_min_order_amount_not_met_raises
FAILED tests/test_promo_code_service.py::TestValidatePromoCode::test_valid_code_returns_promo
FAILED tests/test_prompt/test_book_context.py::TestBookContext::test_build_with_style
FAILED tests/test_prompt/test_composer.py::TestPromptComposer::test_no_face_reference_no_likeness
FAILED tests/test_prompt/test_composer.py::TestPromptComposer::test_all_styles_produce_different_prompts
FAILED tests/test_prompt/test_negative_prompt_builder.py::TestFaceReferenceNegative::test_face_reference_anti_photo_contains_pores
FAILED tests/test_prompt/test_sanitizer.py::TestSanitize::test_cover_keeps_cover_terms
FAILED tests/test_prompt/test_scenario_style_matrix.py::TestAllStylesProduceValidPrompts::test_all_styles_different_prompts[default]
FAILED tests/test_prompt/test_scenario_style_matrix.py::TestAllStylesProduceValidPrompts::test_all_styles_different_prompts[pixar]
FAILED tests/test_prompt/test_scenario_style_matrix.py::TestAllStylesProduceValidPrompts::test_all_styles_different_prompts[watercolor]
FAILED tests/test_prompt/test_scenario_style_matrix.py::TestAllStylesProduceValidPrompts::test_all_styles_different_prompts[soft_pastel]
FAILED tests/test_prompt/test_scenario_style_matrix.py::TestAllStylesProduceValidPrompts::test_all_styles_different_prompts[anime]
FAILED tests/test_prompt/test_style_config.py::TestPuLIDConfig::test_pixar_start_step_2
FAILED tests/test_prompt/test_style_config.py::TestPuLIDConfig::test_watercolor_higher_cfg
FAILED tests/test_prompt/test_style_config.py::TestPuLIDConfig::test_anime_highest_cfg
FAILED tests/test_style_independence.py::test_scene_only_prompt_has_no_style_tokens
FAILED tests/test_style_independence.py::test_style_injected_only_at_compose
FAILED tests/test_style_independence.py::test_compose_idempotent_no_double_style_block
FAILED tests/test_style_independence.py::test_compose_strips_old_style_before_new
FAILED tests/test_style_independence.py::test_style_value_with_style_prefix_produces_single_block
FAILED tests/test_style_independence.py::test_compose_normalizes_and_validates
ERROR tests/test_promo_code_api.py::TestGeneratePromoCode::test_generates_unique_code
ERROR tests/test_promo_code_api.py::TestGeneratePromoCode::test_generates_with_prefix
ERROR tests/test_promo_code_api.py::TestConcurrentConsume::test_single_use_concurrent_consume
ERROR tests/test_promo_code_api.py::TestConcurrentConsume::test_consume_active_promo
ERROR tests/test_promo_code_api.py::TestConcurrentConsume::test_consume_inactive_promo_fails
ERROR tests/test_promo_code_api.py::TestAdminPromoCRUD::test_create_promo - C...
ERROR tests/test_promo_code_api.py::TestAdminPromoCRUD::test_create_auto_code
ERROR tests/test_promo_code_api.py::TestAdminPromoCRUD::test_list_promos - Co...
ERROR tests/test_promo_code_api.py::TestAdminPromoCRUD::test_duplicate_code_conflict
ERROR tests/test_promo_code_api.py::TestAdminPromoCRUD::test_soft_delete - Co...
ERROR tests/test_promo_code_api.py::TestAdminPromoCRUD::test_unauthorized_access
============ 52 failed, 465 passed, 1 skipped, 11 errors in 6.94s =============
